Archive member included to satisfy reference by file (symbol)

../ST_API/bin\ST_RETRIEVER_LIB_CM0+_GCC.a(retriever_api.o)
                              ST_API/src/mcu_api_stm32.o (enc_utils_encrypt)
../Sigfox_libs/bin\SFX_LIB_MON_CortexM0+.a(sigfox_api.o)
                              Core/Src/ST_Sigfox_Init.o (SIGFOX_API_open)
../Sigfox_libs/bin\SFX_LIB_MON_CortexM0+.a(sigfox_internal.o)
                              ../Sigfox_libs/bin\SFX_LIB_MON_CortexM0+.a(sigfox_api.o) (RETURN_CODE)
../Sigfox_libs/bin\SFX_LIB_MON_CortexM0+.a(sigfox_pn.o)
                              ../Sigfox_libs/bin\SFX_LIB_MON_CortexM0+.a(sigfox_internal.o) (SIGFOX_PN_next_pn)
../Sigfox_libs/bin\SFX_LIB_MON_CortexM0+.a(sigfox_scramb.o)
                              ../Sigfox_libs/bin\SFX_LIB_MON_CortexM0+.a(sigfox_internal.o) (SIGFOX_SCRAMB_compute)
../Sigfox_libs/bin\SFX_LIB_MON_CortexM0+.a(sigfox_crc.o)
                              ../Sigfox_libs/bin\SFX_LIB_MON_CortexM0+.a(sigfox_internal.o) (SIGFOX_CRC_crc16)
../Sigfox_libs/bin\SFX_LIB_MON_CortexM0+.a(sigfox_decode.o)
                              ../Sigfox_libs/bin\SFX_LIB_MON_CortexM0+.a(sigfox_internal.o) (SIGFOX_DECODE_decode_frame)
../Sigfox_libs/bin\SFX_LIB_MON_CortexM0+.a(sigfox_hmac.o)
                              ../Sigfox_libs/bin\SFX_LIB_MON_CortexM0+.a(sigfox_internal.o) (SIGFOX_HMAC_compute_aes)
c:/st/stm32cubeide_1.6.1/stm32cubeide/plugins/com.st.stm32cube.ide.mcu.externaltools.gnu-tools-for-stm32.9-2020-q2-update.win32_1.5.0.202011040924/tools/bin/../lib/gcc/arm-none-eabi/9.3.1/../../../../arm-none-eabi/lib/thumb/v6-m/nofp\libc_nano.a(lib_a-aeabi_memclr.o)
                              ../ST_API/bin\ST_RETRIEVER_LIB_CM0+_GCC.a(retriever_api.o) (__aeabi_memclr)
c:/st/stm32cubeide_1.6.1/stm32cubeide/plugins/com.st.stm32cube.ide.mcu.externaltools.gnu-tools-for-stm32.9-2020-q2-update.win32_1.5.0.202011040924/tools/bin/../lib/gcc/arm-none-eabi/9.3.1/../../../../arm-none-eabi/lib/thumb/v6-m/nofp\libc_nano.a(lib_a-aeabi_memcpy.o)
                              ../ST_API/bin\ST_RETRIEVER_LIB_CM0+_GCC.a(retriever_api.o) (__aeabi_memcpy)
c:/st/stm32cubeide_1.6.1/stm32cubeide/plugins/com.st.stm32cube.ide.mcu.externaltools.gnu-tools-for-stm32.9-2020-q2-update.win32_1.5.0.202011040924/tools/bin/../lib/gcc/arm-none-eabi/9.3.1/../../../../arm-none-eabi/lib/thumb/v6-m/nofp\libc_nano.a(lib_a-aeabi_memset.o)
                              c:/st/stm32cubeide_1.6.1/stm32cubeide/plugins/com.st.stm32cube.ide.mcu.externaltools.gnu-tools-for-stm32.9-2020-q2-update.win32_1.5.0.202011040924/tools/bin/../lib/gcc/arm-none-eabi/9.3.1/../../../../arm-none-eabi/lib/thumb/v6-m/nofp\libc_nano.a(lib_a-aeabi_memclr.o) (__aeabi_memset)
c:/st/stm32cubeide_1.6.1/stm32cubeide/plugins/com.st.stm32cube.ide.mcu.externaltools.gnu-tools-for-stm32.9-2020-q2-update.win32_1.5.0.202011040924/tools/bin/../lib/gcc/arm-none-eabi/9.3.1/../../../../arm-none-eabi/lib/thumb/v6-m/nofp\libc_nano.a(lib_a-errno.o)
                              Core/Src/syscalls.o (__errno)
c:/st/stm32cubeide_1.6.1/stm32cubeide/plugins/com.st.stm32cube.ide.mcu.externaltools.gnu-tools-for-stm32.9-2020-q2-update.win32_1.5.0.202011040924/tools/bin/../lib/gcc/arm-none-eabi/9.3.1/../../../../arm-none-eabi/lib/thumb/v6-m/nofp\libc_nano.a(lib_a-exit.o)
                              c:/st/stm32cubeide_1.6.1/stm32cubeide/plugins/com.st.stm32cube.ide.mcu.externaltools.gnu-tools-for-stm32.9-2020-q2-update.win32_1.5.0.202011040924/tools/bin/../lib/gcc/arm-none-eabi/9.3.1/../../../../arm-none-eabi/lib/thumb/v6-m/nofp/crt0.o (exit)
c:/st/stm32cubeide_1.6.1/stm32cubeide/plugins/com.st.stm32cube.ide.mcu.externaltools.gnu-tools-for-stm32.9-2020-q2-update.win32_1.5.0.202011040924/tools/bin/../lib/gcc/arm-none-eabi/9.3.1/../../../../arm-none-eabi/lib/thumb/v6-m/nofp\libc_nano.a(lib_a-impure.o)
                              c:/st/stm32cubeide_1.6.1/stm32cubeide/plugins/com.st.stm32cube.ide.mcu.externaltools.gnu-tools-for-stm32.9-2020-q2-update.win32_1.5.0.202011040924/tools/bin/../lib/gcc/arm-none-eabi/9.3.1/../../../../arm-none-eabi/lib/thumb/v6-m/nofp\libc_nano.a(lib_a-exit.o) (_global_impure_ptr)
c:/st/stm32cubeide_1.6.1/stm32cubeide/plugins/com.st.stm32cube.ide.mcu.externaltools.gnu-tools-for-stm32.9-2020-q2-update.win32_1.5.0.202011040924/tools/bin/../lib/gcc/arm-none-eabi/9.3.1/../../../../arm-none-eabi/lib/thumb/v6-m/nofp\libc_nano.a(lib_a-init.o)
                              c:/st/stm32cubeide_1.6.1/stm32cubeide/plugins/com.st.stm32cube.ide.mcu.externaltools.gnu-tools-for-stm32.9-2020-q2-update.win32_1.5.0.202011040924/tools/bin/../lib/gcc/arm-none-eabi/9.3.1/../../../../arm-none-eabi/lib/thumb/v6-m/nofp/crt0.o (__libc_init_array)
c:/st/stm32cubeide_1.6.1/stm32cubeide/plugins/com.st.stm32cube.ide.mcu.externaltools.gnu-tools-for-stm32.9-2020-q2-update.win32_1.5.0.202011040924/tools/bin/../lib/gcc/arm-none-eabi/9.3.1/../../../../arm-none-eabi/lib/thumb/v6-m/nofp\libc_nano.a(lib_a-memcpy-stub.o)
[...]
Memory Configuration

Name             Origin             Length             Attributes
RAM              0x0000000020000000 0x0000000000002000 xrw
ROM              0x0000000008000000 0x0000000000010000 xr
BLOCK_SIGFOXUSER_FLASH_DATA 0x0000000008080000 0x0000000000000800 xr
*default*        0x0000000000000000 0xffffffffffffffff

Linker script and memory map

LOAD c:/st/stm32cubeide_1.6.1/stm32cubeide/plugins/com.st.stm32cube.ide.mcu.externaltools.gnu-tools-for-stm32.9-2020-q2-update.win32_1.5.0.202011040924/tools/bin/../lib/gcc/arm-none-eabi/9.3.1/thumb/v6-m/nofp/crti.o
LOAD c:/st/stm32cubeide_1.6.1/stm32cubeide/plugins/com.st.stm32cube.ide.mcu.externaltools.gnu-tools-for-stm32.9-2020-q2-update.win32_1.5.0.202011040924/tools/bin/../lib/gcc/arm-none-eabi/9.3.1/thumb/v6-m/nofp/crtbegin.o
LOAD c:/st/stm32cubeide_1.6.1/stm32cubeide/plugins/com.st.stm32cube.ide.mcu.externaltools.gnu-tools-for-stm32.9-2020-q2-update.win32_1.5.0.202011040924/tools/bin/../lib/gcc/arm-none-eabi/9.3.1/../../../../arm-none-eabi/lib/thumb/v6-m/nofp/crt0.o
LOAD Core/Src/ST_Sigfox_Init.o
LOAD Core/Src/adc.o
LOAD Core/Src/dma.o
LOAD Core/Src/gpio.o
LOAD Core/Src/main.o
LOAD Core/Src/rtc.o
LOAD Core/Src/spi.o
LOAD Core/Src/stm32l0xx_hal_msp.o
LOAD Core/Src/stm32l0xx_it.o
LOAD Core/Src/syscalls.o
LOAD Core/Src/sysmem.o
LOAD Core/Src/system_stm32l0xx.o
LOAD Core/Src/tim.o
LOAD Core/Src/usart.o
LOAD Core/Startup/startup_stm32l052t8yx.o
LOAD Drivers/S2LP_Middleware/STM32/src/FEM/S2LP_AUX_FEM_AUTO.o
LOAD Drivers/S2LP_Middleware/STM32/src/S2LP_AUX_EEPROM.o
LOAD Drivers/S2LP_Middleware/STM32/src/S2LP_AUX_UTILS.o
LOAD Drivers/STM32L0xx_HAL_Driver/Src/stm32l0xx_hal.o
LOAD Drivers/STM32L0xx_HAL_Driver/Src/stm32l0xx_hal_adc.o
LOAD Drivers/STM32L0xx_HAL_Driver/Src/stm32l0xx_hal_adc_ex.o
LOAD Drivers/STM32L0xx_HAL_Driver/Src/stm32l0xx_hal_cortex.o
LOAD Drivers/STM32L0xx_HAL_Driver/Src/stm32l0xx_hal_dma.o
LOAD Drivers/STM32L0xx_HAL_Driver/Src/stm32l0xx_hal_flash.o
LOAD Drivers/STM32L0xx_HAL_Driver/Src/stm32l0xx_hal_flash_ex.o
LOAD Drivers/STM32L0xx_HAL_Driver/Src/stm32l0xx_hal_flash_ramfunc.o
LOAD Drivers/STM32L0xx_HAL_Driver/Src/stm32l0xx_hal_gpio.o
LOAD Drivers/STM32L0xx_HAL_Driver/Src/stm32l0xx_hal_i2c.o
LOAD Drivers/STM32L0xx_HAL_Driver/Src/stm32l0xx_hal_i2c_ex.o
LOAD Drivers/STM32L0xx_HAL_Driver/Src/stm32l0xx_hal_pwr.o
LOAD Drivers/STM32L0xx_HAL_Driver/Src/stm32l0xx_hal_pwr_ex.o
LOAD Drivers/STM32L0xx_HAL_Driver/Src/stm32l0xx_hal_rcc.o
LOAD Drivers/STM32L0xx_HAL_Driver/Src/stm32l0xx_hal_rcc_ex.o
LOAD Drivers/STM32L0xx_HAL_Driver/Src/stm32l0xx_hal_rtc.o
LOAD Drivers/STM32L0xx_HAL_Driver/Src/stm32l0xx_hal_rtc_ex.o
LOAD Drivers/STM32L0xx_HAL_Driver/Src/stm32l0xx_hal_spi.o
LOAD Drivers/STM32L0xx_HAL_Driver/Src/stm32l0xx_hal_tim.o
LOAD Drivers/STM32L0xx_HAL_Driver/Src/stm32l0xx_hal_tim_ex.o
LOAD Drivers/STM32L0xx_HAL_Driver/Src/stm32l0xx_hal_uart.o
LOAD Drivers/STM32L0xx_HAL_Driver/Src/stm32l0xx_hal_uart_ex.o
LOAD Drivers/Utils/STM32/src/SDK_UTILS_Flash.o
LOAD ST_API/src/mcu_api_stm32.o
LOAD ST_API/src/nvm_api.o
LOAD ST_API/src/rf_api.o
LOAD ../ST_API/bin\ST_RETRIEVER_LIB_CM0+_GCC.a
LOAD ../Sigfox_libs/bin\SFX_LIB_MON_CortexM0+.a
START GROUP
LOAD ../ST_API/bin\ST_RETRIEVER_LIB_CM0+_GCC.a
LOAD ../Sigfox_libs/bin\SFX_LIB_MON_CortexM0+.a
END GROUP
START GROUP
LOAD c:/st/stm32cubeide_1.6.1/stm32cubeide/plugins/com.st.stm32cube.ide.mcu.externaltools.gnu-tools-for-stm32.9-2020-q2-update.win32_1.5.0.202011040924/tools/bin/../lib/gcc/arm-none-eabi/9.3.1/../../../../arm-none-eabi/lib/thumb/v6-m/nofp\libc_nano.a
LOAD c:/st/stm32cubeide_1.6.1/stm32cubeide/plugins/com.st.stm32cube.ide.mcu.externaltools.gnu-tools-for-stm32.9-2020-q2-update.win32_1.5.0.202011040924/tools/bin/../lib/gcc/arm-none-eabi/9.3.1/../../../../arm-none-eabi/lib/thumb/v6-m/nofp\libm.a
END GROUP
START GROUP
LOAD c:/st/stm32cubeide_1.6.1/stm32cubeide/plugins/com.st.stm32cube.ide.mcu.externaltools.gnu-tools-for-stm32.9-2020-q2-update.win32_1.5.0.202011040924/tools/bin/../lib/gcc/arm-none-eabi/9.3.1/thumb/v6-m/nofp\libgcc.a
LOAD c:/st/stm32cubeide_1.6.1/stm32cubeide/plugins/com.st.stm32cube.ide.mcu.externaltools.gnu-tools-for-stm32.9-2020-q2-update.win32_1.5.0.202011040924/tools/bin/../lib/gcc/arm-none-eabi/9.3.1/../../../../arm-none-eabi/lib/thumb/v6-m/nofp\libc_nano.a
END GROUP
START GROUP
LOAD c:/st/stm32cubeide_1.6.1/stm32cubeide/plugins/com.st.stm32cube.ide.mcu.externaltools.gnu-tools-for-stm32.9-2020-q2-update.win32_1.5.0.202011040924/tools/bin/../lib/gcc/arm-none-eabi/9.3.1/thumb/v6-m/nofp\libgcc.a
LOAD c:/st/stm32cubeide_1.6.1/stm32cubeide/plugins/com.st.stm32cube.ide.mcu.externaltools.gnu-tools-for-stm32.9-2020-q2-update.win32_1.5.0.202011040924/tools/bin/../lib/gcc/arm-none-eabi/9.3.1/../../../../arm-none-eabi/lib/thumb/v6-m/nofp\libc_nano.a
LOAD c:/st/stm32cubeide_1.6.1/stm32cubeide/plugins/com.st.stm32cube.ide.mcu.externaltools.gnu-tools-for-stm32.9-2020-q2-update.win32_1.5.0.202011040924/tools/bin/../lib/gcc/arm-none-eabi/9.3.1/../../../../arm-none-eabi/lib/thumb/v6-m/nofp\libnosys.a
END GROUP
START GROUP
LOAD c:/st/stm32cubeide_1.6.1/stm32cubeide/plugins/com.st.stm32cube.ide.mcu.externaltools.gnu-tools-for-stm32.9-2020-q2-update.win32_1.5.0.202011040924/tools/bin/../lib/gcc/arm-none-eabi/9.3.1/thumb/v6-m/nofp\libgcc.a
LOAD c:/st/stm32cubeide_1.6.1/stm32cubeide/plugins/com.st.stm32cube.ide.mcu.externaltools.gnu-tools-for-stm32.9-2020-q2-update.win32_1.5.0.202011040924/tools/bin/../lib/gcc/arm-none-eabi/9.3.1/../../../../arm-none-eabi/lib/thumb/v6-m/nofp\libc_nano.a
LOAD c:/st/stm32cubeide_1.6.1/stm32cubeide/plugins/com.st.stm32cube.ide.mcu.externaltools.gnu-tools-for-stm32.9-2020-q2-update.win32_1.5.0.202011040924/tools/bin/../lib/gcc/arm-none-eabi/9.3.1/../../../../arm-none-eabi/lib/thumb/v6-m/nofp\libnosys.a
END GROUP
LOAD c:/st/stm32cubeide_1.6.1/stm32cubeide/plugins/com.st.stm32cube.ide.mcu.externaltools.gnu-tools-for-stm32.9-2020-q2-update.win32_1.5.0.202011040924/tools/bin/../lib/gcc/arm-none-eabi/9.3.1/thumb/v6-m/nofp/crtend.o
LOAD c:/st/stm32cubeide_1.6.1/stm32cubeide/plugins/com.st.stm32cube.ide.mcu.externaltools.gnu-tools-for-stm32.9-2020-q2-update.win32_1.5.0.202011040924/tools/bin/../lib/gcc/arm-none-eabi/9.3.1/thumb/v6-m/nofp/crtn.o
                0x0000000020002000                _estack = (ORIGIN (RAM) + LENGTH (RAM))
                0x0000000000000200                _Min_Heap_Size = 0x200
                0x0000000000000400                _Min_Stack_Size = 0x400

.isr_vector     0x0000000008000000       0xc0
                0x0000000008000000                . = ALIGN (0x4)
 *(.isr_vector)
 .isr_vector    0x0000000008000000       0xc0 Core/Startup/startup_stm32l052t8yx.o
                0x0000000008000000                g_pfnVectors
                0x00000000080000c0                . = ALIGN (0x4)

.noinit         0x0000000008080000      0x100 load address 0x0000000008081000
                0x0000000008080000                . = ALIGN (0x4)
 *(.noinit.sigfox_board_data)
 .noinit.sigfox_board_data
                0x0000000008080000       0x80 Drivers/Utils/STM32/src/SDK_UTILS_Flash.o
                0x0000000008080000                board_data
 *(.noinit.sigfox_nvm_data)
 .noinit.sigfox_nvm_data
                0x0000000008080080       0x80 Drivers/Utils/STM32/src/SDK_UTILS_Flash.o
                0x0000000008080080                nvm_data
 *(.noinit*)

.text           0x00000000080000c0     0xa974
                0x00000000080000c0                . = ALIGN (0x4)
 *(.text)
 .text          0x00000000080000c0       0x48 c:/st/stm32cubeide_1.6.1/stm32cubeide/plugins/com.st.stm32cube.ide.mcu.externaltools.gnu-tools-for-stm32.9-2020-q2-update.win32_1.5.0.202011040924/tools/bin/../lib/gcc/arm-none-eabi/9.3.1/thumb/v6-m/nofp/crtbegin.o
 .text          0x0000000008000108      0xbcc ../ST_API/bin\ST_RETRIEVER_LIB_CM0+_GCC.a(retriever_api.o)
                0x0000000008000776                AES128_CBC_encrypt
                0x000000000800083c                AES128_CBC_decrypt_internal
                0x0000000008000908                AES_CBC_decrypt_buffer
                0x0000000008000948                get_integrity_cksum
                0x0000000008000972                enc_utils_retrieve_data_from_flash
                0x0000000008000ad0                enc_utils_retrieve_data
                0x0000000008000c0e                enc_utils_encrypt
                0x0000000008000c2c                enc_utils_set_public_key
                0x0000000008000c4c                enc_utils_set_test_key
                0x0000000008000c6c                enc_utils_set_test_id
                0x0000000008000c74                enc_utils_get_id
                0x0000000008000c96                enc_utils_get_initial_pac
 .text          0x0000000008000cd4      0x55c ../Sigfox_libs/bin\SFX_LIB_MON_CortexM0+.a(sigfox_api.o)
                0x0000000008000cd4                SIGFOX_API_open
                0x0000000008000e5a                SIGFOX_API_close
                0x0000000008000e82                SIGFOX_API_send_frame
                0x0000000008000ec2                SIGFOX_API_send_bit
                0x0000000008000ef8                SIGFOX_API_send_outofband
                0x0000000008000f38                SIGFOX_API_get_version
                0x0000000008000f90                SIGFOX_API_set_std_config
                0x0000000008001008                SIGFOX_API_start_continuous_transmission
                0x0000000008001058                SIGFOX_API_stop_continuous_transmission
                0x000000000800109c                SIGFOX_API_send_test_frame
                0x0000000008001134                SIGFOX_API_receive_test_frame
                0x00000000080011b4                SIGFOX_API_get_info
                0x00000000080011d2                SIGFOX_API_get_device_id
                0x00000000080011dc                SIGFOX_API_get_initial_pac
                0x00000000080011f2                SIGFOX_API_switch_public_key
                0x0000000008001208                SIGFOX_API_set_rc_sync_period
 .text          0x0000000008001230      0xea2 ../Sigfox_libs/bin\SFX_LIB_MON_CortexM0+.a(sigfox_internal.o)
                0x0000000008001230                SIGFOX_INT_randomize
                0x0000000008001246                SIGFOX_INT_get_max_micro_channel
                0x0000000008001272                SIGFOX_INT_get_macro_channel_index
                0x00000000080012be                SIGFOX_INT_dc_lbt_channel_pn_max
                0x00000000080012e6                SIGFOX_INT_dc_lbt_channel_pn_min
                0x0000000008001304                RETURN_CODE
                0x000000000800130c                SIGFOX_INT_compute_channels
                0x0000000008001474                SIGFOX_INT_compute_carrier_sense_frequency
                0x00000000080014a0                SIGFOX_INT_store_nvm
                0x00000000080014de                SIGFOX_INT_execute_communication_sequence
                0x0000000008001654                SIGFOX_INT_prepare_transmission
                0x00000000080016e0                fsync_lut_tx
                0x0000000008001704                SIGFOX_INT_encrypt_decrypt_frame
                0x0000000008001838                public_key
                0x0000000008001848                SIGFOX_INT_build_frame
                0x0000000008001b44                SIGFOX_INT_send_single_frame
                0x0000000008001bc2                SIGFOX_INT_execute_carrier_sense
                0x0000000008001c02                SIGFOX_INT_process_uplink
                0x0000000008001e7a                SIGFOX_INT_process_downlink
                0x0000000008001ec4                SIGFOX_INT_downlink_configuration
                0x0000000008001efe                SIGFOX_INT_get_received_frames
                0x000000000800201c                SIGFOX_INT_compute_uplink_frequency
                0x00000000080020ac                SIGFOX_INT_compute_downlink_frequency
                0x00000000080020b0                SIGFOX_INT_get_device_id_and_payload_encryption_flag
 *fill*         0x00000000080020d2        0x2 
 .text          0x00000000080020d4       0x64 ../Sigfox_libs/bin\SFX_LIB_MON_CortexM0+.a(sigfox_pn.o)
                0x00000000080020d4                SIGFOX_PN_next_pn
 .text          0x0000000008002138       0x90 ../Sigfox_libs/bin\SFX_LIB_MON_CortexM0+.a(sigfox_scramb.o)
                0x0000000008002138                SIGFOX_SCRAMB_compute
 .text          0x00000000080021c8       0x74 ../Sigfox_libs/bin\SFX_LIB_MON_CortexM0+.a(sigfox_crc.o)
                0x00000000080021c8                SIGFOX_CRC_crc16
                0x000000000800220c                SIGFOX_CRC_crc8
 .text          0x000000000800223c      0x1d4 ../Sigfox_libs/bin\SFX_LIB_MON_CortexM0+.a(sigfox_decode.o)
                0x000000000800223c                SIGFOX_DECODE_decode_frame
                0x00000000080023f0                pow_alpha
                0x0000000008002400                log_alpha
 .text          0x0000000008002410       0x78 ../Sigfox_libs/bin\SFX_LIB_MON_CortexM0+.a(sigfox_hmac.o)
                0x0000000008002410                SIGFOX_HMAC_compute_aes
 .text          0x0000000008002488       0x14 c:/st/stm32cubeide_1.6.1/stm32cubeide/plugins/com.st.stm32cube.ide.mcu.externaltools.gnu-tools-for-stm32.9-2020-q2-update.win32_1.5.0.202011040924/tools/bin/../lib/gcc/arm-none-eabi/9.3.1/thumb/v6-m/nofp\libgcc.a(_thumb1_case_uqi.o)
                0x0000000008002488                __gnu_thumb1_case_uqi
 .text          0x000000000800249c       0x14 c:/st/stm32cubeide_1.6.1/stm32cubeide/plugins/com.st.stm32cube.ide.mcu.externaltools.gnu-tools-for-stm32.9-2020-q2-update.win32_1.5.0.202011040924/tools/bin/../lib/gcc/arm-none-eabi/9.3.1/thumb/v6-m/nofp\libgcc.a(_thumb1_case_shi.o)
                0x000000000800249c                __gnu_thumb1_case_shi
 .text          0x00000000080024b0      0x114 c:/st/stm32cubeide_1.6.1/stm32cubeide/plugins/com.st.stm32cube.ide.mcu.externaltools.gnu-tools-for-stm32.9-2020-q2-update.win32_1.5.0.202011040924/tools/bin/../lib/gcc/arm-none-eabi/9.3.1/thumb/v6-m/nofp\libgcc.a(_udivsi3.o)
                0x00000000080024b0                __aeabi_uidiv
                0x00000000080024b0                __udivsi3
                0x00000000080025bc                __aeabi_uidivmod
 .text          0x00000000080025c4      0x1d4 c:/st/stm32cubeide_1.6.1/stm32cubeide/plugins/com.st.stm32cube.ide.mcu.externaltools.gnu-tools-for-stm32.9-2020-q2-update.win32_1.5.0.202011040924/tools/bin/../lib/gcc/arm-none-eabi/9.3.1/thumb/v6-m/nofp\libgcc.a(_divsi3.o)
                0x00000000080025c4                __divsi3
                0x00000000080025c4                __aeabi_idiv
                0x0000000008002790                __aeabi_idivmod
 .text          0x0000000008002798        0x4 c:/st/stm32cubeide_1.6.1/stm32cubeide/plugins/com.st.stm32cube.ide.mcu.externaltools.gnu-tools-for-stm32.9-2020-q2-update.win32_1.5.0.202011040924/tools/bin/../lib/gcc/arm-none-eabi/9.3.1/thumb/v6-m/nofp\libgcc.a(_dvmd_tls.o)
                0x0000000008002798                __aeabi_idiv0
                0x0000000008002798                __aeabi_ldiv0
 .text          0x000000000800279c       0x18 c:/st/stm32cubeide_1.6.1/stm32cubeide/plugins/com.st.stm32cube.ide.mcu.externaltools.gnu-tools-for-stm32.9-2020-q2-update.win32_1.5.0.202011040924/tools/bin/../lib/gcc/arm-none-eabi/9.3.1/thumb/v6-m/nofp\libgcc.a(_lshrdi3.o)
                0x000000000800279c                __lshrdi3
                0x000000000800279c                __aeabi_llsr
 .text          0x00000000080027b4       0x40 c:/st/stm32cubeide_1.6.1/stm32cubeide/plugins/com.st.stm32cube.ide.mcu.externaltools.gnu-tools-for-stm32.9-2020-q2-update.win32_1.5.0.202011040924/tools/bin/../lib/gcc/arm-none-eabi/9.3.1/thumb/v6-m/nofp\libgcc.a(_aeabi_uldivmod.o)
                0x00000000080027b4                __aeabi_uldivmod
 .text          0x00000000080027f4       0x50 c:/st/stm32cubeide_1.6.1/stm32cubeide/plugins/com.st.stm32cube.ide.mcu.externaltools.gnu-tools-for-stm32.9-2020-q2-update.win32_1.5.0.202011040924/tools/bin/../lib/gcc/arm-none-eabi/9.3.1/thumb/v6-m/nofp\libgcc.a(_muldi3.o)
                0x00000000080027f4                __muldi3
                0x00000000080027f4                __aeabi_lmul
 .text          0x0000000008002844       0x30 c:/st/stm32cubeide_1.6.1/stm32cubeide/plugins/com.st.stm32cube.ide.mcu.externaltools.gnu-tools-for-stm32.9-2020-q2-update.win32_1.5.0.202011040924/tools/bin/../lib/gcc/arm-none-eabi/9.3.1/thumb/v6-m/nofp\libgcc.a(_fixunssfsi.o)
                0x0000000008002844                __fixunssfsi
                0x0000000008002844                __aeabi_f2uiz
 .text          0x0000000008002874       0x3c c:/st/stm32cubeide_1.6.1/stm32cubeide/plugins/com.st.stm32cube.ide.mcu.externaltools.gnu-tools-for-stm32.9-2020-q2-update.win32_1.5.0.202011040924/tools/bin/../lib/gcc/arm-none-eabi/9.3.1/thumb/v6-m/nofp\libgcc.a(_fixunsdfsi.o)
                0x0000000008002874                __aeabi_d2uiz
                0x0000000008002874                __fixunsdfsi
 .text          0x00000000080028b0      0x198 c:/st/stm32cubeide_1.6.1/stm32cubeide/plugins/com.st.stm32cube.ide.mcu.externaltools.gnu-tools-for-stm32.9-2020-q2-update.win32_1.5.0.202011040924/tools/bin/../lib/gcc/arm-none-eabi/9.3.1/thumb/v6-m/nofp\libgcc.a(_udivmoddi4.o)
                0x00000000080028b0                __udivmoddi4
 .text          0x0000000008002a48      0x234 c:/st/stm32cubeide_1.6.1/stm32cubeide/plugins/com.st.stm32cube.ide.mcu.externaltools.gnu-tools-for-stm32.9-2020-q2-update.win32_1.5.0.202011040924/tools/bin/../lib/gcc/arm-none-eabi/9.3.1/thumb/v6-m/nofp\libgcc.a(mulsf3.o)
                0x0000000008002a48                __aeabi_fmul
 .text          0x0000000008002c7c      0x390 c:/st/stm32cubeide_1.6.1/stm32cubeide/plugins/com.st.stm32cube.ide.mcu.externaltools.gnu-tools-for-stm32.9-2020-q2-update.win32_1.5.0.202011040924/tools/bin/../lib/gcc/arm-none-eabi/9.3.1/thumb/v6-m/nofp\libgcc.a(subsf3.o)
                0x0000000008002c7c                __aeabi_fsub
 .text          0x000000000800300c       0x40 c:/st/stm32cubeide_1.6.1/stm32cubeide/plugins/com.st.stm32cube.ide.mcu.externaltools.gnu-tools-for-stm32.9-2020-q2-update.win32_1.5.0.202011040924/tools/bin/../lib/gcc/arm-none-eabi/9.3.1/thumb/v6-m/nofp\libgcc.a(fixsfsi.o)
                0x000000000800300c                __aeabi_f2iz
 .text          0x000000000800304c      0x4d8 c:/st/stm32cubeide_1.6.1/stm32cubeide/plugins/com.st.stm32cube.ide.mcu.externaltools.gnu-tools-for-stm32.9-2020-q2-update.win32_1.5.0.202011040924/tools/bin/../lib/gcc/arm-none-eabi/9.3.1/thumb/v6-m/nofp\libgcc.a(muldf3.o)
                0x000000000800304c                __aeabi_dmul
 .text          0x0000000008003524      0x724 c:/st/stm32cubeide_1.6.1/stm32cubeide/plugins/com.st.stm32cube.ide.mcu.externaltools.gnu-tools-for-stm32.9-2020-q2-update.win32_1.5.0.202011040924/tools/bin/../lib/gcc/arm-none-eabi/9.3.1/thumb/v6-m/nofp\libgcc.a(subdf3.o)
                0x0000000008003524                __aeabi_dsub
 .text          0x0000000008003c48       0x6c c:/st/stm32cubeide_1.6.1/stm32cubeide/plugins/com.st.stm32cube.ide.mcu.externaltools.gnu-tools-for-stm32.9-2020-q2-update.win32_1.5.0.202011040924/tools/bin/../lib/gcc/arm-none-eabi/9.3.1/thumb/v6-m/nofp\libgcc.a(fixdfsi.o)
                0x0000000008003c48                __aeabi_d2iz
 .text          0x0000000008003cb4       0x4c c:/st/stm32cubeide_1.6.1/stm32cubeide/plugins/com.st.stm32cube.ide.mcu.externaltools.gnu-tools-for-stm32.9-2020-q2-update.win32_1.5.0.202011040924/tools/bin/../lib/gcc/arm-none-eabi/9.3.1/thumb/v6-m/nofp\libgcc.a(floatunsidf.o)
                0x0000000008003cb4                __aeabi_ui2d
 .text          0x0000000008003d00       0x90 c:/st/stm32cubeide_1.6.1/stm32cubeide/plugins/com.st.stm32cube.ide.mcu.externaltools.gnu-tools-for-stm32.9-2020-q2-update.win32_1.5.0.202011040924/tools/bin/../lib/gcc/arm-none-eabi/9.3.1/thumb/v6-m/nofp\libgcc.a(extendsfdf2.o)
                0x0000000008003d00                __aeabi_f2d
 .text          0x0000000008003d90      0x110 c:/st/stm32cubeide_1.6.1/stm32cubeide/plugins/com.st.stm32cube.ide.mcu.externaltools.gnu-tools-for-stm32.9-2020-q2-update.win32_1.5.0.202011040924/tools/bin/../lib/gcc/arm-none-eabi/9.3.1/thumb/v6-m/nofp\libgcc.a(truncdfsf2.o)
                0x0000000008003d90                __aeabi_d2f
 .text          0x0000000008003ea0       0x7c c:/st/stm32cubeide_1.6.1/stm32cubeide/plugins/com.st.stm32cube.ide.mcu.externaltools.gnu-tools-for-stm32.9-2020-q2-update.win32_1.5.0.202011040924/tools/bin/../lib/gcc/arm-none-eabi/9.3.1/thumb/v6-m/nofp\libgcc.a(_arm_cmpdf2.o)
                0x0000000008003ea0                __aeabi_cdrcmple
                0x0000000008003eb0                __aeabi_cdcmple
                0x0000000008003eb0                __aeabi_cdcmpeq
                0x0000000008003ec0                __aeabi_dcmpeq
                0x0000000008003ecc                __aeabi_dcmplt
                0x0000000008003ee0                __aeabi_dcmple
                0x0000000008003ef4                __aeabi_dcmpgt
                0x0000000008003f08                __aeabi_dcmpge
 .text          0x0000000008003f1c       0x74 c:/st/stm32cubeide_1.6.1/stm32cubeide/plugins/com.st.stm32cube.ide.mcu.externaltools.gnu-tools-for-stm32.9-2020-q2-update.win32_1.5.0.202011040924/tools/bin/../lib/gcc/arm-none-eabi/9.3.1/thumb/v6-m/nofp\libgcc.a(_arm_cmpsf2.o)
                0x0000000008003f1c                __aeabi_cfrcmple
                0x0000000008003f24                __aeabi_cfcmpeq
                0x0000000008003f24                __aeabi_cfcmple
                0x0000000008003f34                __aeabi_fcmpeq
                0x0000000008003f40                __aeabi_fcmplt
                0x0000000008003f54                __aeabi_fcmple
                0x0000000008003f68                __aeabi_fcmpgt
                0x0000000008003f7c                __aeabi_fcmpge
 .text          0x0000000008003f90       0x3c c:/st/stm32cubeide_1.6.1/stm32cubeide/plugins/com.st.stm32cube.ide.mcu.externaltools.gnu-tools-for-stm32.9-2020-q2-update.win32_1.5.0.202011040924/tools/bin/../lib/gcc/arm-none-eabi/9.3.1/thumb/v6-m/nofp\libgcc.a(_clzsi2.o)
                0x0000000008003f90                __clzsi2
 .text          0x0000000008003fcc       0x18 c:/st/stm32cubeide_1.6.1/stm32cubeide/plugins/com.st.stm32cube.ide.mcu.externaltools.gnu-tools-for-stm32.9-2020-q2-update.win32_1.5.0.202011040924/tools/bin/../lib/gcc/arm-none-eabi/9.3.1/thumb/v6-m/nofp\libgcc.a(_clzdi2.o)
                0x0000000008003fcc                __clzdi2
 .text          0x0000000008003fe4       0x50 c:/st/stm32cubeide_1.6.1/stm32cubeide/plugins/com.st.stm32cube.ide.mcu.externaltools.gnu-tools-for-stm32.9-2020-q2-update.win32_1.5.0.202011040924/tools/bin/../lib/gcc/arm-none-eabi/9.3.1/thumb/v6-m/nofp\libgcc.a(eqsf2.o)
                0x0000000008003fe4                __eqsf2
                0x0000000008003fe4                __nesf2
 .text          0x0000000008004034       0x98 c:/st/stm32cubeide_1.6.1/stm32cubeide/plugins/com.st.stm32cube.ide.mcu.externaltools.gnu-tools-for-stm32.9-2020-q2-update.win32_1.5.0.202011040924/tools/bin/../lib/gcc/arm-none-eabi/9.3.1/thumb/v6-m/nofp\libgcc.a(gesf2.o)
                0x0000000008004034                __gesf2
                0x0000000008004034                __gtsf2
 .text          0x00000000080040cc       0x94 c:/st/stm32cubeide_1.6.1/stm32cubeide/plugins/com.st.stm32cube.ide.mcu.externaltools.gnu-tools-for-stm32.9-2020-q2-update.win32_1.5.0.202011040924/tools/bin/../lib/gcc/arm-none-eabi/9.3.1/thumb/v6-m/nofp\libgcc.a(lesf2.o)
                0x00000000080040cc                __ltsf2
                0x00000000080040cc                __lesf2
 .text          0x0000000008004160       0x78 c:/st/stm32cubeide_1.6.1/stm32cubeide/plugins/com.st.stm32cube.ide.mcu.externaltools.gnu-tools-for-stm32.9-2020-q2-update.win32_1.5.0.202011040924/tools/bin/../lib/gcc/arm-none-eabi/9.3.1/thumb/v6-m/nofp\libgcc.a(eqdf2.o)
                0x0000000008004160                __nedf2
                0x0000000008004160                __eqdf2
 .text          0x00000000080041d8       0xe4 c:/st/stm32cubeide_1.6.1/stm32cubeide/plugins/com.st.stm32cube.ide.mcu.externaltools.gnu-tools-for-stm32.9-2020-q2-update.win32_1.5.0.202011040924/tools/bin/../lib/gcc/arm-none-eabi/9.3.1/thumb/v6-m/nofp\libgcc.a(gedf2.o)
                0x00000000080041d8                __gedf2
                0x00000000080041d8                __gtdf2
 .text          0x00000000080042bc       0xe0 c:/st/stm32cubeide_1.6.1/stm32cubeide/plugins/com.st.stm32cube.ide.mcu.externaltools.gnu-tools-for-stm32.9-2020-q2-update.win32_1.5.0.202011040924/tools/bin/../lib/gcc/arm-none-eabi/9.3.1/thumb/v6-m/nofp\libgcc.a(ledf2.o)
                0x00000000080042bc                __ledf2
                0x00000000080042bc                __ltdf2
 *(.text*)
 .text.St_Sigfox_Open_RCZ
                0x000000000800439c      0x120 Core/Src/ST_Sigfox_Init.o
                0x000000000800439c                St_Sigfox_Open_RCZ
 .text.ST_Sigfox_Init
                0x00000000080044bc       0x34 Core/Src/ST_Sigfox_Init.o
                0x00000000080044bc                ST_Sigfox_Init
 .text.MX_ADC_Init
                0x00000000080044f0       0xd8 Core/Src/adc.o
                0x00000000080044f0                MX_ADC_Init
 .text.HAL_ADC_MspInit
                0x00000000080045c8       0x58 Core/Src/adc.o
                0x00000000080045c8                HAL_ADC_MspInit
 .text.lm35_read
                0x0000000008004620       0xc8 Core/Src/adc.o
                0x0000000008004620                lm35_read
 .text.MX_DMA_Init
                0x00000000080046e8       0x38 Core/Src/dma.o
                0x00000000080046e8                MX_DMA_Init
 .text.MX_GPIO_Init
                0x0000000008004720       0xe8 Core/Src/gpio.o
                0x0000000008004720                MX_GPIO_Init
 .text.S2LPShutdownEnter
                0x0000000008004808       0x14 Core/Src/gpio.o
                0x0000000008004808                S2LPShutdownEnter
 .text.S2LPShutdownInit
                0x000000000800481c       0x40 Core/Src/gpio.o
                0x000000000800481c                S2LPShutdownInit
 .text.S2LPShutdownExit
                0x000000000800485c       0x2c Core/Src/gpio.o
                0x000000000800485c                S2LPShutdownExit
 .text.ST_MCU_API_Shutdown
                0x0000000008004888       0x12 Core/Src/gpio.o
                0x0000000008004888                ST_MCU_API_Shutdown
 *fill*         0x000000000800489a        0x2 
 .text.S2LPIRQInit
                0x000000000800489c       0x58 Core/Src/gpio.o
                0x000000000800489c                S2LPIRQInit
 .text.S2LPIRQEnable
                0x00000000080048f4       0x60 Core/Src/gpio.o
                0x00000000080048f4                S2LPIRQEnable
 .text.ST_MCU_API_GpioIRQ
                0x0000000008004954       0x14 Core/Src/gpio.o
                0x0000000008004954                ST_MCU_API_GpioIRQ
 .text.HT_GPIO_UserButtonHandler
                0x0000000008004968       0x3c Core/Src/gpio.o
                0x0000000008004968                HT_GPIO_UserButtonHandler
 .text.HAL_GPIO_EXTI_Callback
                0x00000000080049a4       0x38 Core/Src/gpio.o
                0x00000000080049a4                HAL_GPIO_EXTI_Callback
 .text.setS2lpIrqRaisedFlag
                0x00000000080049dc        0xc Core/Src/gpio.o
                0x00000000080049dc                setS2lpIrqRaisedFlag
 .text.getS2lpIrqRaisedFlag
                0x00000000080049e8        0xc Core/Src/gpio.o
                0x00000000080049e8                getS2lpIrqRaisedFlag
 .text.SystemClock_Config
                0x00000000080049f4       0x7c Core/Src/main.o
                0x00000000080049f4                SystemClock_Config
 .text.HT_API_setSmpsVoltageAction
                0x0000000008004a70       0x18 Core/Src/main.o
                0x0000000008004a70                HT_API_setSmpsVoltageAction
 .text.HT_API_switchPa
                0x0000000008004a88       0x18 Core/Src/main.o
                0x0000000008004a88                HT_API_switchPa
 .text.HT_API_ConfigRegion
                0x0000000008004aa0       0x8c Core/Src/main.o
                0x0000000008004aa0                HT_API_ConfigRegion
 .text.HT_API_SendFrame
                0x0000000008004b2c       0x50 Core/Src/main.o
                0x0000000008004b2c                HT_API_SendFrame
 .text.ST_Init  0x0000000008004b7c       0x16 Core/Src/main.o
                0x0000000008004b7c                ST_Init
 *fill*         0x0000000008004b92        0x2 
 .text.mcuConfig
                0x0000000008004b94       0xac Core/Src/main.o
                0x0000000008004b94                mcuConfig
 .text.startup.main
                0x0000000008004c40       0xb0 Core/Src/main.o
                0x0000000008004c40                main
 .text.Error_Handler
                0x0000000008004cf0        0x2 Core/Src/main.o
                0x0000000008004cf0                Error_Handler
 *fill*         0x0000000008004cf2        0x2 
 .text.MX_RTC_Init
                0x0000000008004cf4       0x90 Core/Src/rtc.o
                0x0000000008004cf4                MX_RTC_Init
 .text.HAL_RTC_MspInit
                0x0000000008004d84       0x30 Core/Src/rtc.o
                0x0000000008004d84                HAL_RTC_MspInit
 .text.Configure_RTC_Clock
                0x0000000008004db4       0x50 Core/Src/rtc.o
                0x0000000008004db4                Configure_RTC_Clock
 .text.setRtcInUseFlag
                0x0000000008004e04        0xc Core/Src/rtc.o
                0x0000000008004e04                setRtcInUseFlag
 .text.setRtcIrqFlag
                0x0000000008004e10        0xc Core/Src/rtc.o
                0x0000000008004e10                setRtcIrqFlag
 .text.setRtcInUseForCsFlag
                0x0000000008004e1c        0xc Core/Src/rtc.o
                0x0000000008004e1c                setRtcInUseForCsFlag
 .text.setNextRtcWakeUpFlag
                0x0000000008004e28        0xc Core/Src/rtc.o
                0x0000000008004e28                setNextRtcWakeUpFlag
 .text.setRtcPrescFlag
                0x0000000008004e34        0xc Core/Src/rtc.o
                0x0000000008004e34                setRtcPrescFlag
 .text.getNextRtcWakeUpFlag
                0x0000000008004e40        0xc Core/Src/rtc.o
                0x0000000008004e40                getNextRtcWakeUpFlag
 .text.getRtcInUseForCsFlag
                0x0000000008004e4c        0xc Core/Src/rtc.o
                0x0000000008004e4c                getRtcInUseForCsFlag
 .text.getRtcIrqFlag
                0x0000000008004e58        0xc Core/Src/rtc.o
                0x0000000008004e58                getRtcIrqFlag
 .text.getRtcInUseFlag
                0x0000000008004e64        0xc Core/Src/rtc.o
                0x0000000008004e64                getRtcInUseFlag
 .text.getRtcPrescFlag
                0x0000000008004e70        0xc Core/Src/rtc.o
                0x0000000008004e70                getRtcPrescFlag
 .text.getRtcHandler
                0x0000000008004e7c        0x8 Core/Src/rtc.o
                0x0000000008004e7c                getRtcHandler
 .text.MX_SPI1_Init
                0x0000000008004e84       0x40 Core/Src/spi.o
                0x0000000008004e84                MX_SPI1_Init
 .text.HAL_SPI_MspInit
                0x0000000008004ec4       0xf4 Core/Src/spi.o
                0x0000000008004ec4                HAL_SPI_MspInit
 .text.S2LPSpiWriteRegisters
                0x0000000008004fb8       0xf8 Core/Src/spi.o
                0x0000000008004fb8                S2LPSpiWriteRegisters
 .text.SdkEvalSpiRawTC
                0x00000000080050b0        0x2 Core/Src/spi.o
                0x00000000080050b0                SdkEvalSpiRawTC
 *fill*         0x00000000080050b2        0x2 
 .text.S2LPSpiRaw
                0x00000000080050b4      0x124 Core/Src/spi.o
                0x00000000080050b4                S2LPSpiRaw
 .text.HAL_SPI_TxRxCpltCallback
                0x00000000080051d8       0x28 Core/Src/spi.o
                0x00000000080051d8                HAL_SPI_TxRxCpltCallback
 .text.ST_MCU_API_SpiRaw
                0x0000000008005200        0xa Core/Src/spi.o
                0x0000000008005200                ST_MCU_API_SpiRaw
 *fill*         0x000000000800520a        0x2 
 .text.S2LPGetSpiInUse
                0x000000000800520c        0xc Core/Src/spi.o
                0x000000000800520c                S2LPGetSpiInUse
 .text.HAL_MspInit
                0x0000000008005218       0x1c Core/Src/stm32l0xx_hal_msp.o
                0x0000000008005218                HAL_MspInit
 .text.NMI_Handler
                0x0000000008005234        0x2 Core/Src/stm32l0xx_it.o
                0x0000000008005234                NMI_Handler
 .text.HardFault_Handler
                0x0000000008005236        0x2 Core/Src/stm32l0xx_it.o
                0x0000000008005236                HardFault_Handler
 .text.SVC_Handler
                0x0000000008005238        0x2 Core/Src/stm32l0xx_it.o
                0x0000000008005238                SVC_Handler
 .text.PendSV_Handler
                0x000000000800523a        0x2 Core/Src/stm32l0xx_it.o
                0x000000000800523a                PendSV_Handler
 .text.SysTick_Handler
                0x000000000800523c        0x8 Core/Src/stm32l0xx_it.o
                0x000000000800523c                SysTick_Handler
 .text.RTC_IRQHandler
                0x0000000008005244       0x74 Core/Src/stm32l0xx_it.o
                0x0000000008005244                RTC_IRQHandler
 .text.EXTI2_3_IRQHandler
                0x00000000080052b8        0xa Core/Src/stm32l0xx_it.o
                0x00000000080052b8                EXTI2_3_IRQHandler
 .text.EXTI4_15_IRQHandler
                0x00000000080052c2        0xa Core/Src/stm32l0xx_it.o
                0x00000000080052c2                EXTI4_15_IRQHandler
 .text.DMA1_Channel2_3_IRQHandler
                0x00000000080052cc       0x18 Core/Src/stm32l0xx_it.o
                0x00000000080052cc                DMA1_Channel2_3_IRQHandler
 .text.DMA1_Channel4_5_6_7_IRQHandler
                0x00000000080052e4       0x18 Core/Src/stm32l0xx_it.o
                0x00000000080052e4                DMA1_Channel4_5_6_7_IRQHandler
 .text.TIM21_IRQHandler
                0x00000000080052fc       0x10 Core/Src/stm32l0xx_it.o
                0x00000000080052fc                TIM21_IRQHandler
 .text._read    0x000000000800530c       0x1a Core/Src/syscalls.o
                0x000000000800530c                _read
 .text._write   0x0000000008005326       0x1a Core/Src/syscalls.o
                0x0000000008005326                _write
 .text._close   0x0000000008005340        0x6 Core/Src/syscalls.o
                0x0000000008005340                _close
 .text._fstat   0x0000000008005346        0xa Core/Src/syscalls.o
                0x0000000008005346                _fstat
 .text._isatty  0x0000000008005350        0x4 Core/Src/syscalls.o
                0x0000000008005350                _isatty
 .text._lseek   0x0000000008005354        0x4 Core/Src/syscalls.o
                0x0000000008005354                _lseek
 .text._sbrk    0x0000000008005358       0x34 Core/Src/sysmem.o
                0x0000000008005358                _sbrk
 .text.SystemInit
                0x000000000800538c       0x5c Core/Src/system_stm32l0xx.o
                0x000000000800538c                SystemInit
 .text.MX_TIM2_Init
                0x00000000080053e8       0x70 Core/Src/tim.o
                0x00000000080053e8                MX_TIM2_Init
 .text.MX_TIM21_Init
                0x0000000008005458       0x78 Core/Src/tim.o
                0x0000000008005458                MX_TIM21_Init
 .text.HAL_TIM_Base_MspInit
                0x00000000080054d0       0x44 Core/Src/tim.o
                0x00000000080054d0                HAL_TIM_Base_MspInit
 .text.SdkEvalTimersFindFactors
                0x0000000008005514       0x9c Core/Src/tim.o
                0x0000000008005514                SdkEvalTimersFindFactors
 .text.SdkEvalTimersTimConfig
                0x00000000080055b0       0x68 Core/Src/tim.o
                0x00000000080055b0                SdkEvalTimersTimConfig
 .text.ST_MCU_API_TimerCalibration
                0x0000000008005618       0xc0 Core/Src/tim.o
                0x0000000008005618                ST_MCU_API_TimerCalibration
 .text.MCU_API_timer_start_carrier_sense
                0x00000000080056d8       0xe0 Core/Src/tim.o
                0x00000000080056d8                MCU_API_timer_start_carrier_sense
 .text.MCU_API_timer_start
                0x00000000080057b8       0x98 Core/Src/tim.o
                0x00000000080057b8                MCU_API_timer_start
 .text.MCU_API_timer_stop
                0x0000000008005850       0x1c Core/Src/tim.o
                0x0000000008005850                MCU_API_timer_stop
 .text.MCU_API_timer_stop_carrier_sense
                0x000000000800586c       0x40 Core/Src/tim.o
                0x000000000800586c                MCU_API_timer_stop_carrier_sense
 .text.ST_MCU_API_WaitForInterrupt
                0x00000000080058ac       0x16 Core/Src/tim.o
                0x00000000080058ac                ST_MCU_API_WaitForInterrupt
 .text.MCU_API_timer_wait_for_end
                0x00000000080058c2       0x1a Core/Src/tim.o
                0x00000000080058c2                MCU_API_timer_wait_for_end
 .text.setNIntermediateTimIrqFlag
                0x00000000080058dc        0xc Core/Src/tim.o
                0x00000000080058dc                setNIntermediateTimIrqFlag
 .text.getNotifyEndFlag
                0x00000000080058e8        0xc Core/Src/tim.o
                0x00000000080058e8                getNotifyEndFlag
 .text.getNIntermediateTimIrqFlag
                0x00000000080058f4        0xc Core/Src/tim.o
                0x00000000080058f4                getNIntermediateTimIrqFlag
 .text.MX_USART1_UART_Init
                0x0000000008005900       0x38 Core/Src/usart.o
                0x0000000008005900                MX_USART1_UART_Init
 .text.HAL_UART_MspInit
                0x0000000008005938       0xd0 Core/Src/usart.o
                0x0000000008005938                HAL_UART_MspInit
 .text.__io_putchar
                0x0000000008005a08       0x1c Core/Src/usart.o
                0x0000000008005a08                __io_putchar
 .text.Reset_Handler
                0x0000000008005a24       0x50 Core/Startup/startup_stm32l052t8yx.o
                0x0000000008005a24                Reset_Handler
 .text.Default_Handler
                0x0000000008005a74        0x2 Core/Startup/startup_stm32l052t8yx.o
                0x0000000008005a74                TSC_IRQHandler
                0x0000000008005a74                ADC1_COMP_IRQHandler
                0x0000000008005a74                PVD_IRQHandler
                0x0000000008005a74                I2C1_IRQHandler
                0x0000000008005a74                RCC_CRS_IRQHandler
                0x0000000008005a74                SPI1_IRQHandler
                0x0000000008005a74                TIM6_DAC_IRQHandler
                0x0000000008005a74                I2C2_IRQHandler
                0x0000000008005a74                DMA1_Channel1_IRQHandler
                0x0000000008005a74                Default_Handler
                0x0000000008005a74                TIM22_IRQHandler
                0x0000000008005a74                EXTI0_1_IRQHandler
                0x0000000008005a74                USB_IRQHandler
                0x0000000008005a74                SPI2_IRQHandler
                0x0000000008005a74                WWDG_IRQHandler
                0x0000000008005a74                TIM2_IRQHandler
                0x0000000008005a74                USART2_IRQHandler
                0x0000000008005a74                FLASH_IRQHandler
                0x0000000008005a74                USART1_IRQHandler
                0x0000000008005a74                RNG_LPUART1_IRQHandler
                0x0000000008005a74                LPTIM1_IRQHandler
 *fill*         0x0000000008005a76        0x2 
 .text.FEM_Init
                0x0000000008005a78       0x20 Drivers/S2LP_Middleware/STM32/src/FEM/S2LP_AUX_FEM_AUTO.o
                0x0000000008005a78                FEM_Init
 .text.FEM_Operation
                0x0000000008005a98       0x60 Drivers/S2LP_Middleware/STM32/src/FEM/S2LP_AUX_FEM_AUTO.o
                0x0000000008005a98                FEM_Operation
 .text.EepromRead
                0x0000000008005af8        0x4 Drivers/S2LP_Middleware/STM32/src/S2LP_AUX_EEPROM.o
                0x0000000008005af8                EepromRead
 .text.HAL_InitTick
                0x0000000008005afc       0x30 Drivers/STM32L0xx_HAL_Driver/Src/stm32l0xx_hal.o
                0x0000000008005afc                HAL_InitTick
 .text.HAL_Init
                0x0000000008005b2c       0x28 Drivers/STM32L0xx_HAL_Driver/Src/stm32l0xx_hal.o
                0x0000000008005b2c                HAL_Init
 .text.HAL_IncTick
                0x0000000008005b54       0x10 Drivers/STM32L0xx_HAL_Driver/Src/stm32l0xx_hal.o
                0x0000000008005b54                HAL_IncTick
 .text.HAL_GetTick
                0x0000000008005b64        0xc Drivers/STM32L0xx_HAL_Driver/Src/stm32l0xx_hal.o
                0x0000000008005b64                HAL_GetTick
 .text.HAL_Delay
                0x0000000008005b70       0x1e Drivers/STM32L0xx_HAL_Driver/Src/stm32l0xx_hal.o
                0x0000000008005b70                HAL_Delay
 *fill*         0x0000000008005b8e        0x2 
 .text.ADC_DelayMicroSecond
                0x0000000008005b90       0x2c Drivers/STM32L0xx_HAL_Driver/Src/stm32l0xx_hal_adc.o
 .text.ADC_Enable
                0x0000000008005bbc       0x70 Drivers/STM32L0xx_HAL_Driver/Src/stm32l0xx_hal_adc.o
 .text.ADC_Disable
                0x0000000008005c2c       0x68 Drivers/STM32L0xx_HAL_Driver/Src/stm32l0xx_hal_adc.o
 .text.ADC_ConversionStop
                0x0000000008005c94       0x52 Drivers/STM32L0xx_HAL_Driver/Src/stm32l0xx_hal_adc.o
 *fill*         0x0000000008005ce6        0x2 
 .text.HAL_ADC_Init
                0x0000000008005ce8      0x1b4 Drivers/STM32L0xx_HAL_Driver/Src/stm32l0xx_hal_adc.o
                0x0000000008005ce8                HAL_ADC_Init
 .text.HAL_ADC_Start
                0x0000000008005e9c       0x58 Drivers/STM32L0xx_HAL_Driver/Src/stm32l0xx_hal_adc.o
                0x0000000008005e9c                HAL_ADC_Start
 .text.HAL_ADC_Stop
                0x0000000008005ef4       0x3c Drivers/STM32L0xx_HAL_Driver/Src/stm32l0xx_hal_adc.o
                0x0000000008005ef4                HAL_ADC_Stop
 .text.HAL_ADC_PollForConversion
                0x0000000008005f30       0xbc Drivers/STM32L0xx_HAL_Driver/Src/stm32l0xx_hal_adc.o
                0x0000000008005f30                HAL_ADC_PollForConversion
 .text.HAL_ADC_GetValue
                0x0000000008005fec        0x6 Drivers/STM32L0xx_HAL_Driver/Src/stm32l0xx_hal_adc.o
                0x0000000008005fec                HAL_ADC_GetValue
 *fill*         0x0000000008005ff2        0x2 
 .text.HAL_ADC_ConfigChannel
                0x0000000008005ff4       0xa8 Drivers/STM32L0xx_HAL_Driver/Src/stm32l0xx_hal_adc.o
                0x0000000008005ff4                HAL_ADC_ConfigChannel
 .text.HAL_ADCEx_Calibration_Start
                0x000000000800609c       0xa0 Drivers/STM32L0xx_HAL_Driver/Src/stm32l0xx_hal_adc_ex.o
                0x000000000800609c                HAL_ADCEx_Calibration_Start
 .text.HAL_ADCEx_Calibration_GetValue
                0x000000000800613c        0xc Drivers/STM32L0xx_HAL_Driver/Src/stm32l0xx_hal_adc_ex.o
                0x000000000800613c                HAL_ADCEx_Calibration_GetValue
 .text.HAL_NVIC_SetPriority
                0x0000000008006148       0x54 Drivers/STM32L0xx_HAL_Driver/Src/stm32l0xx_hal_cortex.o
                0x0000000008006148                HAL_NVIC_SetPriority
 .text.HAL_NVIC_EnableIRQ
                0x000000000800619c       0x14 Drivers/STM32L0xx_HAL_Driver/Src/stm32l0xx_hal_cortex.o
                0x000000000800619c                HAL_NVIC_EnableIRQ
 .text.HAL_NVIC_DisableIRQ
                0x00000000080061b0       0x14 Drivers/STM32L0xx_HAL_Driver/Src/stm32l0xx_hal_cortex.o
                0x00000000080061b0                HAL_NVIC_DisableIRQ
 .text.HAL_SYSTICK_Config
                0x00000000080061c4       0x34 Drivers/STM32L0xx_HAL_Driver/Src/stm32l0xx_hal_cortex.o
                0x00000000080061c4                HAL_SYSTICK_Config
 .text.HAL_DMA_Init
                0x00000000080061f8       0x88 Drivers/STM32L0xx_HAL_Driver/Src/stm32l0xx_hal_dma.o
                0x00000000080061f8                HAL_DMA_Init
 .text.HAL_DMA_Start_IT
                0x0000000008006280       0x80 Drivers/STM32L0xx_HAL_Driver/Src/stm32l0xx_hal_dma.o
                0x0000000008006280                HAL_DMA_Start_IT
 .text.HAL_DMA_IRQHandler
                0x0000000008006300       0x96 Drivers/STM32L0xx_HAL_Driver/Src/stm32l0xx_hal_dma.o
                0x0000000008006300                HAL_DMA_IRQHandler
 *fill*         0x0000000008006396        0x2 
 .text.FLASH_SetErrorCode
                0x0000000008006398       0xac Drivers/STM32L0xx_HAL_Driver/Src/stm32l0xx_hal_flash.o
 .text.HAL_FLASH_GetError
                0x0000000008006444        0xc Drivers/STM32L0xx_HAL_Driver/Src/stm32l0xx_hal_flash.o
                0x0000000008006444                HAL_FLASH_GetError
 .text.FLASH_WaitForLastOperation
                0x0000000008006450       0x78 Drivers/STM32L0xx_HAL_Driver/Src/stm32l0xx_hal_flash.o
                0x0000000008006450                FLASH_WaitForLastOperation
 .text.HAL_FLASHEx_DATAEEPROM_Unlock
                0x00000000080064c8       0x30 Drivers/STM32L0xx_HAL_Driver/Src/stm32l0xx_hal_flash_ex.o
                0x00000000080064c8                HAL_FLASHEx_DATAEEPROM_Unlock
 .text.HAL_FLASHEx_DATAEEPROM_Lock
                0x00000000080064f8       0x14 Drivers/STM32L0xx_HAL_Driver/Src/stm32l0xx_hal_flash_ex.o
                0x00000000080064f8                HAL_FLASHEx_DATAEEPROM_Lock
 .text.HAL_FLASHEx_DATAEEPROM_Erase
                0x000000000800650c       0x24 Drivers/STM32L0xx_HAL_Driver/Src/stm32l0xx_hal_flash_ex.o
                0x000000000800650c                HAL_FLASHEx_DATAEEPROM_Erase
 .text.HAL_FLASHEx_DATAEEPROM_Program
                0x0000000008006530       0x54 Drivers/STM32L0xx_HAL_Driver/Src/stm32l0xx_hal_flash_ex.o
                0x0000000008006530                HAL_FLASHEx_DATAEEPROM_Program
 .text.HAL_GPIO_Init
                0x0000000008006584      0x170 Drivers/STM32L0xx_HAL_Driver/Src/stm32l0xx_hal_gpio.o
                0x0000000008006584                HAL_GPIO_Init
 .text.HAL_GPIO_WritePin
                0x00000000080066f4        0xc Drivers/STM32L0xx_HAL_Driver/Src/stm32l0xx_hal_gpio.o
                0x00000000080066f4                HAL_GPIO_WritePin
 .text.HAL_GPIO_EXTI_IRQHandler
                0x0000000008006700       0x18 Drivers/STM32L0xx_HAL_Driver/Src/stm32l0xx_hal_gpio.o
                0x0000000008006700                HAL_GPIO_EXTI_IRQHandler
 .text.HAL_PWR_EnableBkUpAccess
                0x0000000008006718       0x14 Drivers/STM32L0xx_HAL_Driver/Src/stm32l0xx_hal_pwr.o
                0x0000000008006718                HAL_PWR_EnableBkUpAccess
 .text.HAL_RCC_GetSysClockFreq
                0x000000000800672c       0x80 Drivers/STM32L0xx_HAL_Driver/Src/stm32l0xx_hal_rcc.o
                0x000000000800672c                HAL_RCC_GetSysClockFreq
 .text.HAL_RCC_OscConfig
                0x00000000080067ac      0x500 Drivers/STM32L0xx_HAL_Driver/Src/stm32l0xx_hal_rcc.o
                0x00000000080067ac                HAL_RCC_OscConfig
 .text.HAL_RCC_ClockConfig
                0x0000000008006cac      0x170 Drivers/STM32L0xx_HAL_Driver/Src/stm32l0xx_hal_rcc.o
                0x0000000008006cac                HAL_RCC_ClockConfig
 .text.HAL_RCC_GetPCLK1Freq
                0x0000000008006e1c       0x20 Drivers/STM32L0xx_HAL_Driver/Src/stm32l0xx_hal_rcc.o
                0x0000000008006e1c                HAL_RCC_GetPCLK1Freq
 .text.HAL_RCC_GetPCLK2Freq
                0x0000000008006e3c       0x20 Drivers/STM32L0xx_HAL_Driver/Src/stm32l0xx_hal_rcc.o
                0x0000000008006e3c                HAL_RCC_GetPCLK2Freq
 .text.HAL_RCCEx_PeriphCLKConfig
                0x0000000008006e5c      0x1a4 Drivers/STM32L0xx_HAL_Driver/Src/stm32l0xx_hal_rcc_ex.o
                0x0000000008006e5c                HAL_RCCEx_PeriphCLKConfig
 .text.HAL_RTC_WaitForSynchro
                0x0000000008007000       0x34 Drivers/STM32L0xx_HAL_Driver/Src/stm32l0xx_hal_rtc.o
                0x0000000008007000                HAL_RTC_WaitForSynchro
 .text.RTC_EnterInitMode
                0x0000000008007034       0x38 Drivers/STM32L0xx_HAL_Driver/Src/stm32l0xx_hal_rtc.o
                0x0000000008007034                RTC_EnterInitMode
 .text.HAL_RTC_Init
                0x000000000800706c       0xb8 Drivers/STM32L0xx_HAL_Driver/Src/stm32l0xx_hal_rtc.o
                0x000000000800706c                HAL_RTC_Init
 .text.RTC_ByteToBcd2
                0x0000000008007124       0x16 Drivers/STM32L0xx_HAL_Driver/Src/stm32l0xx_hal_rtc.o
                0x0000000008007124                RTC_ByteToBcd2
 *fill*         0x000000000800713a        0x2 
 .text.HAL_RTC_SetTime
                0x000000000800713c      0x10c Drivers/STM32L0xx_HAL_Driver/Src/stm32l0xx_hal_rtc.o
                0x000000000800713c                HAL_RTC_SetTime
 .text.HAL_RTC_SetDate
                0x0000000008007248       0xd8 Drivers/STM32L0xx_HAL_Driver/Src/stm32l0xx_hal_rtc.o
                0x0000000008007248                HAL_RTC_SetDate
 .text.HAL_RTCEx_SetWakeUpTimer_IT
                0x0000000008007320       0xfc Drivers/STM32L0xx_HAL_Driver/Src/stm32l0xx_hal_rtc_ex.o
                0x0000000008007320                HAL_RTCEx_SetWakeUpTimer_IT
 .text.HAL_RTCEx_DeactivateWakeUpTimer
                0x000000000800741c       0x80 Drivers/STM32L0xx_HAL_Driver/Src/stm32l0xx_hal_rtc_ex.o
                0x000000000800741c                HAL_RTCEx_DeactivateWakeUpTimer
 .text.HAL_RTCEx_WakeUpTimerEventCallback
                0x000000000800749c        0x2 Drivers/STM32L0xx_HAL_Driver/Src/stm32l0xx_hal_rtc_ex.o
                0x000000000800749c                HAL_RTCEx_WakeUpTimerEventCallback
 *fill*         0x000000000800749e        0x2 
 .text.HAL_RTCEx_WakeUpTimerIRQHandler
                0x00000000080074a0       0x34 Drivers/STM32L0xx_HAL_Driver/Src/stm32l0xx_hal_rtc_ex.o
                0x00000000080074a0                HAL_RTCEx_WakeUpTimerIRQHandler
 .text.SPI_WaitFlagStateUntilTimeout.constprop.0
                0x00000000080074d4       0x84 Drivers/STM32L0xx_HAL_Driver/Src/stm32l0xx_hal_spi.o
 .text.SPI_EndRxTransaction
                0x0000000008007558       0x54 Drivers/STM32L0xx_HAL_Driver/Src/stm32l0xx_hal_spi.o
 .text.SPI_EndRxTxTransaction
                0x00000000080075ac       0x3e Drivers/STM32L0xx_HAL_Driver/Src/stm32l0xx_hal_spi.o
 *fill*         0x00000000080075ea        0x2 
 .text.HAL_SPI_Init
                0x00000000080075ec       0x80 Drivers/STM32L0xx_HAL_Driver/Src/stm32l0xx_hal_spi.o
                0x00000000080075ec                HAL_SPI_Init
 .text.HAL_SPI_TransmitReceive_DMA
                0x000000000800766c      0x114 Drivers/STM32L0xx_HAL_Driver/Src/stm32l0xx_hal_spi.o
                0x000000000800766c                HAL_SPI_TransmitReceive_DMA
 .text.HAL_SPI_RxCpltCallback
                0x0000000008007780        0x2 Drivers/STM32L0xx_HAL_Driver/Src/stm32l0xx_hal_spi.o
                0x0000000008007780                HAL_SPI_RxCpltCallback
 .text.HAL_SPI_RxHalfCpltCallback
                0x0000000008007782        0x2 Drivers/STM32L0xx_HAL_Driver/Src/stm32l0xx_hal_spi.o
                0x0000000008007782                HAL_SPI_RxHalfCpltCallback
 .text.SPI_DMAHalfReceiveCplt
                0x0000000008007784        0xa Drivers/STM32L0xx_HAL_Driver/Src/stm32l0xx_hal_spi.o
 .text.HAL_SPI_TxRxHalfCpltCallback
                0x000000000800778e        0x2 Drivers/STM32L0xx_HAL_Driver/Src/stm32l0xx_hal_spi.o
                0x000000000800778e                HAL_SPI_TxRxHalfCpltCallback
 .text.SPI_DMAHalfTransmitReceiveCplt
                0x0000000008007790        0xa Drivers/STM32L0xx_HAL_Driver/Src/stm32l0xx_hal_spi.o
 .text.HAL_SPI_ErrorCallback
                0x000000000800779a        0x2 Drivers/STM32L0xx_HAL_Driver/Src/stm32l0xx_hal_spi.o
                0x000000000800779a                HAL_SPI_ErrorCallback
 .text.SPI_DMAError
                0x000000000800779c       0x24 Drivers/STM32L0xx_HAL_Driver/Src/stm32l0xx_hal_spi.o
 .text.SPI_DMAReceiveCplt
                0x00000000080077c0       0x56 Drivers/STM32L0xx_HAL_Driver/Src/stm32l0xx_hal_spi.o
 .text.SPI_DMATransmitReceiveCplt
                0x0000000008007816       0x5e Drivers/STM32L0xx_HAL_Driver/Src/stm32l0xx_hal_spi.o
 .text.HAL_SPI_GetState
                0x0000000008007874        0x8 Drivers/STM32L0xx_HAL_Driver/Src/stm32l0xx_hal_spi.o
                0x0000000008007874                HAL_SPI_GetState
 .text.TIM_Base_SetConfig
                0x000000000800787c       0x5c Drivers/STM32L0xx_HAL_Driver/Src/stm32l0xx_hal_tim.o
 .text.HAL_TIM_Base_Init
                0x00000000080078d8       0x36 Drivers/STM32L0xx_HAL_Driver/Src/stm32l0xx_hal_tim.o
                0x00000000080078d8                HAL_TIM_Base_Init
 .text.HAL_TIM_Base_Start
                0x000000000800790e       0x24 Drivers/STM32L0xx_HAL_Driver/Src/stm32l0xx_hal_tim.o
                0x000000000800790e                HAL_TIM_Base_Start
 *fill*         0x0000000008007932        0x2 
 .text.HAL_TIM_Base_Stop
                0x0000000008007934       0x28 Drivers/STM32L0xx_HAL_Driver/Src/stm32l0xx_hal_tim.o
                0x0000000008007934                HAL_TIM_Base_Stop
 .text.HAL_TIM_Base_Start_IT
                0x000000000800795c       0x1e Drivers/STM32L0xx_HAL_Driver/Src/stm32l0xx_hal_tim.o
                0x000000000800795c                HAL_TIM_Base_Start_IT
 *fill*         0x000000000800797a        0x2 
 .text.HAL_TIM_Base_Stop_IT
                0x000000000800797c       0x20 Drivers/STM32L0xx_HAL_Driver/Src/stm32l0xx_hal_tim.o
                0x000000000800797c                HAL_TIM_Base_Stop_IT
 .text.HAL_TIM_ConfigClockSource
                0x000000000800799c      0x140 Drivers/STM32L0xx_HAL_Driver/Src/stm32l0xx_hal_tim.o
                0x000000000800799c                HAL_TIM_ConfigClockSource
 .text.HAL_TIM_PeriodElapsedCallback
                0x0000000008007adc        0x2 Drivers/STM32L0xx_HAL_Driver/Src/stm32l0xx_hal_tim.o
                0x0000000008007adc                HAL_TIM_PeriodElapsedCallback
 .text.HAL_TIM_OC_DelayElapsedCallback
                0x0000000008007ade        0x2 Drivers/STM32L0xx_HAL_Driver/Src/stm32l0xx_hal_tim.o
                0x0000000008007ade                HAL_TIM_OC_DelayElapsedCallback
 .text.HAL_TIM_IC_CaptureCallback
                0x0000000008007ae0        0x2 Drivers/STM32L0xx_HAL_Driver/Src/stm32l0xx_hal_tim.o
                0x0000000008007ae0                HAL_TIM_IC_CaptureCallback
 .text.HAL_TIM_PWM_PulseFinishedCallback
                0x0000000008007ae2        0x2 Drivers/STM32L0xx_HAL_Driver/Src/stm32l0xx_hal_tim.o
                0x0000000008007ae2                HAL_TIM_PWM_PulseFinishedCallback
 .text.HAL_TIM_TriggerCallback
                0x0000000008007ae4        0x2 Drivers/STM32L0xx_HAL_Driver/Src/stm32l0xx_hal_tim.o
                0x0000000008007ae4                HAL_TIM_TriggerCallback
 .text.HAL_TIM_IRQHandler
                0x0000000008007ae6      0x110 Drivers/STM32L0xx_HAL_Driver/Src/stm32l0xx_hal_tim.o
                0x0000000008007ae6                HAL_TIM_IRQHandler
 .text.HAL_TIMEx_MasterConfigSynchronization
                0x0000000008007bf6       0x3c Drivers/STM32L0xx_HAL_Driver/Src/stm32l0xx_hal_tim_ex.o
                0x0000000008007bf6                HAL_TIMEx_MasterConfigSynchronization
 *fill*         0x0000000008007c32        0x2 
 .text.UART_SetConfig
                0x0000000008007c34      0x280 Drivers/STM32L0xx_HAL_Driver/Src/stm32l0xx_hal_uart.o
                0x0000000008007c34                UART_SetConfig
 .text.UART_AdvFeatureConfig
                0x0000000008007eb4       0xd0 Drivers/STM32L0xx_HAL_Driver/Src/stm32l0xx_hal_uart.o
                0x0000000008007eb4                UART_AdvFeatureConfig
 .text.UART_WaitOnFlagUntilTimeout
                0x0000000008007f84       0x5c Drivers/STM32L0xx_HAL_Driver/Src/stm32l0xx_hal_uart.o
                0x0000000008007f84                UART_WaitOnFlagUntilTimeout
 .text.HAL_UART_Transmit
                0x0000000008007fe0       0xda Drivers/STM32L0xx_HAL_Driver/Src/stm32l0xx_hal_uart.o
                0x0000000008007fe0                HAL_UART_Transmit
 *fill*         0x00000000080080ba        0x2 
 .text.UART_CheckIdleState
                0x00000000080080bc       0x60 Drivers/STM32L0xx_HAL_Driver/Src/stm32l0xx_hal_uart.o
                0x00000000080080bc                UART_CheckIdleState
 .text.HAL_UART_Init
                0x000000000800811c       0x64 Drivers/STM32L0xx_HAL_Driver/Src/stm32l0xx_hal_uart.o
                0x000000000800811c                HAL_UART_Init
 .text.FlashRead
                0x0000000008008180       0x64 Drivers/Utils/STM32/src/SDK_UTILS_Flash.o
                0x0000000008008180                FlashRead
 .text.DataEepromErase
                0x00000000080081e4       0x28 Drivers/Utils/STM32/src/SDK_UTILS_Flash.o
                0x00000000080081e4                DataEepromErase
 .text.FlashErase
                0x000000000800820c       0x28 Drivers/Utils/STM32/src/SDK_UTILS_Flash.o
                0x000000000800820c                FlashErase
 .text.FlashWrite
                0x0000000008008234       0x88 Drivers/Utils/STM32/src/SDK_UTILS_Flash.o
                0x0000000008008234                FlashWrite
 .text.MCU_API_get_device_id_and_payload_encryption_flag
                0x00000000080082bc       0x18 ST_API/src/mcu_api_stm32.o
                0x00000000080082bc                MCU_API_get_device_id_and_payload_encryption_flag
 .text.MCU_API_get_initial_pac
                0x00000000080082d4        0xa ST_API/src/mcu_api_stm32.o
                0x00000000080082d4                MCU_API_get_initial_pac
 *fill*         0x00000000080082de        0x2 
 .text.MCU_API_malloc
                0x00000000080082e0       0x18 ST_API/src/mcu_api_stm32.o
                0x00000000080082e0                MCU_API_malloc
 .text.MCU_API_get_nv_mem
                0x00000000080082f8        0xa ST_API/src/mcu_api_stm32.o
                0x00000000080082f8                MCU_API_get_nv_mem
 .text.MCU_API_set_nv_mem
                0x0000000008008302        0xa ST_API/src/mcu_api_stm32.o
                0x0000000008008302                MCU_API_set_nv_mem
 .text.MCU_API_free
                0x000000000800830c        0x4 ST_API/src/mcu_api_stm32.o
                0x000000000800830c                MCU_API_free
 .text.MCU_API_get_voltage_temperature
                0x0000000008008310        0xc ST_API/src/mcu_api_stm32.o
                0x0000000008008310                MCU_API_get_voltage_temperature
 .text.MCU_API_delay
                0x000000000800831c       0x28 ST_API/src/mcu_api_stm32.o
                0x000000000800831c                MCU_API_delay
 .text.MCU_API_aes_128_cbc_encrypt
                0x0000000008008344       0x10 ST_API/src/mcu_api_stm32.o
                0x0000000008008344                MCU_API_aes_128_cbc_encrypt
 .text.MCU_API_get_version
                0x0000000008008354       0x10 ST_API/src/mcu_api_stm32.o
                0x0000000008008354                MCU_API_get_version
 .text.MCU_API_report_test_result
                0x0000000008008364        0x4 ST_API/src/mcu_api_stm32.o
                0x0000000008008364                MCU_API_report_test_result
 .text.GetNVMBoardDataAddress
                0x0000000008008368        0xc ST_API/src/nvm_api.o
                0x0000000008008368                GetNVMBoardDataAddress
 .text.NVM_Read
                0x0000000008008374        0xe ST_API/src/nvm_api.o
                0x0000000008008374                NVM_Read
 .text.NVM_Write
                0x0000000008008382        0xe ST_API/src/nvm_api.o
                0x0000000008008382                NVM_Write
 .text._writeRecordInternal
                0x0000000008008390       0x46 ST_API/src/nvm_api.o
 *fill*         0x00000000080083d6        0x2 
 .text.NVM_ReadRecord
                0x00000000080083d8       0xb0 ST_API/src/nvm_api.o
                0x00000000080083d8                NVM_ReadRecord
 .text.eraseAllSector
                0x0000000008008488       0x1c ST_API/src/nvm_api.o
                0x0000000008008488                eraseAllSector
 .text.NVM_WriteRecord
                0x00000000080084a4       0x80 ST_API/src/nvm_api.o
                0x00000000080084a4                NVM_WriteRecord
 .text.SetNVMInitial
                0x0000000008008524       0x54 ST_API/src/nvm_api.o
                0x0000000008008524                SetNVMInitial
 .text.priv_ST_MANUF_WriteRegisters
                0x0000000008008578       0x2c ST_API/src/rf_api.o
 .text.priv_ST_MANUF_tx_rf_dbpsk_init
                0x00000000080085a4      0x304 ST_API/src/rf_api.o
 .text.priv_ST_MANUF_ReadRegisters
                0x00000000080088a8       0x42 ST_API/src/rf_api.o
 .text.priv_ST_MANUF_CmdStrobe
                0x00000000080088ea       0x18 ST_API/src/rf_api.o
 *fill*         0x0000000008008902        0x2 
 .text.priv_ST_MANUF_SpiRaw_Ramp.constprop.0
                0x0000000008008904       0x68 ST_API/src/rf_api.o
 .text.priv_ST_MANUF_tx_rf_dbpsk_single_bit
                0x000000000800896c       0x44 ST_API/src/rf_api.o
 .text.priv_ST_MANUF_rf_load_first_ramp_up
                0x00000000080089b0       0x58 ST_API/src/rf_api.o
 .text.pn9_next
                0x0000000008008a08       0x18 ST_API/src/rf_api.o
                0x0000000008008a08                pn9_next
 .text.pn9_next_byte
                0x0000000008008a20       0x1c ST_API/src/rf_api.o
                0x0000000008008a20                pn9_next_byte
 .text.ST_RF_API_custom_setting
                0x0000000008008a3c        0x2 ST_API/src/rf_api.o
                0x0000000008008a3c                ST_RF_API_custom_setting
 *fill*         0x0000000008008a3e        0x2 
 .text.RF_API_init
                0x0000000008008a40      0x3f8 ST_API/src/rf_api.o
                0x0000000008008a40                RF_API_init
 .text.RF_API_change_frequency
                0x0000000008008e38       0xe8 ST_API/src/rf_api.o
                0x0000000008008e38                RF_API_change_frequency
 .text.RF_API_get_version
                0x0000000008008f20       0x10 ST_API/src/rf_api.o
                0x0000000008008f20                RF_API_get_version
 .text.ST_RF_API_Timer_CB
                0x0000000008008f30        0xc ST_API/src/rf_api.o
                0x0000000008008f30                ST_RF_API_Timer_CB
 .text.ST_RF_API_Timer_Channel_Clear_CB
                0x0000000008008f3c       0x10 ST_API/src/rf_api.o
                0x0000000008008f3c                ST_RF_API_Timer_Channel_Clear_CB
 .text.ST_RF_API_set_rssi_offset
                0x0000000008008f4c       0x10 ST_API/src/rf_api.o
                0x0000000008008f4c                ST_RF_API_set_rssi_offset
 .text.ST_RF_API_set_xtal_freq
                0x0000000008008f5c        0xc ST_API/src/rf_api.o
                0x0000000008008f5c                ST_RF_API_set_xtal_freq
 .text.ST_RF_API_set_freq_offset
                0x0000000008008f68        0xc ST_API/src/rf_api.o
                0x0000000008008f68                ST_RF_API_set_freq_offset
 .text.ST_RF_API_set_lbt_thr_offset
                0x0000000008008f74       0x10 ST_API/src/rf_api.o
                0x0000000008008f74                ST_RF_API_set_lbt_thr_offset
 .text.ST_RF_API_reduce_output_power
                0x0000000008008f84        0xc ST_API/src/rf_api.o
                0x0000000008008f84                ST_RF_API_reduce_output_power
 .text.ST_RF_API_set_pa
                0x0000000008008f90       0x10 ST_API/src/rf_api.o
                0x0000000008008f90                ST_RF_API_set_pa
 .text.ST_RF_API_get_ramp_duration
                0x0000000008008fa0       0x14 ST_API/src/rf_api.o
                0x0000000008008fa0                ST_RF_API_get_ramp_duration
 .text.ST_RF_API_smps
                0x0000000008008fb4       0x10 ST_API/src/rf_api.o
                0x0000000008008fb4                ST_RF_API_smps
 .text.ST_RF_API_Get_Continuous_TX_or_MONARCH_Scan_Flag
                0x0000000008008fc4        0xc ST_API/src/rf_api.o
                0x0000000008008fc4                ST_RF_API_Get_Continuous_TX_or_MONARCH_Scan_Flag
 .text.ST_RF_API_StartTx
                0x0000000008008fd0       0x24 ST_API/src/rf_api.o
                0x0000000008008fd0                ST_RF_API_StartTx
 .text.RF_API_send
                0x0000000008008ff4       0x58 ST_API/src/rf_api.o
                0x0000000008008ff4                RF_API_send
 .text.RF_API_start_continuous_transmission
                0x000000000800904c       0x94 ST_API/src/rf_api.o
                0x000000000800904c                RF_API_start_continuous_transmission
 .text.ST_RF_API_StartRx
                0x00000000080090e0       0x12 ST_API/src/rf_api.o
                0x00000000080090e0                ST_RF_API_StartRx
 .text.ST_RF_API_StopRxTx
                0x00000000080090f2       0x12 ST_API/src/rf_api.o
                0x00000000080090f2                ST_RF_API_StopRxTx
 .text.RF_API_stop
                0x0000000008009104       0x30 ST_API/src/rf_api.o
                0x0000000008009104                RF_API_stop
 .text.RF_API_stop_continuous_transmission
                0x0000000008009134       0x28 ST_API/src/rf_api.o
                0x0000000008009134                RF_API_stop_continuous_transmission
 .text.RF_API_wait_frame
                0x000000000800915c      0x10c ST_API/src/rf_api.o
                0x000000000800915c                RF_API_wait_frame
 .text.RF_API_wait_for_clear_channel
                0x0000000008009268      0x184 ST_API/src/rf_api.o
                0x0000000008009268                RF_API_wait_for_clear_channel
 .text.ST_RF_API_S2LP_IRQ_CB
                0x00000000080093ec      0x120 ST_API/src/rf_api.o
                0x00000000080093ec                ST_RF_API_S2LP_IRQ_CB
 .text.MONARCH_API_get_version
                0x000000000800950c        0x4 ST_API/src/rf_api.o
                0x000000000800950c                MONARCH_API_get_version
 .text.__aeabi_memclr
                0x0000000008009510        0xa c:/st/stm32cubeide_1.6.1/stm32cubeide/plugins/com.st.stm32cube.ide.mcu.externaltools.gnu-tools-for-stm32.9-2020-q2-update.win32_1.5.0.202011040924/tools/bin/../lib/gcc/arm-none-eabi/9.3.1/../../../../arm-none-eabi/lib/thumb/v6-m/nofp\libc_nano.a(lib_a-aeabi_memclr.o)
                0x0000000008009510                __aeabi_memclr
                0x0000000008009510                __aeabi_memclr4
                0x0000000008009510                __aeabi_memclr8
 .text.__aeabi_memcpy
                0x000000000800951a        0x8 c:/st/stm32cubeide_1.6.1/stm32cubeide/plugins/com.st.stm32cube.ide.mcu.externaltools.gnu-tools-for-stm32.9-2020-q2-update.win32_1.5.0.202011040924/tools/bin/../lib/gcc/arm-none-eabi/9.3.1/../../../../arm-none-eabi/lib/thumb/v6-m/nofp\libc_nano.a(lib_a-aeabi_memcpy.o)
                0x000000000800951a                __aeabi_memcpy4
                0x000000000800951a                __aeabi_memcpy8
                0x000000000800951a                __aeabi_memcpy
 .text.__aeabi_memset
                0x0000000008009522        0xe c:/st/stm32cubeide_1.6.1/stm32cubeide/plugins/com.st.stm32cube.ide.mcu.externaltools.gnu-tools-for-stm32.9-2020-q2-update.win32_1.5.0.202011040924/tools/bin/../lib/gcc/arm-none-eabi/9.3.1/../../../../arm-none-eabi/lib/thumb/v6-m/nofp\libc_nano.a(lib_a-aeabi_memset.o)
                0x0000000008009522                __aeabi_memset8
                0x0000000008009522                __aeabi_memset4
                0x0000000008009522                __aeabi_memset
 .text.__errno  0x0000000008009530        0xc c:/st/stm32cubeide_1.6.1/stm32cubeide/plugins/com.st.stm32cube.ide.mcu.externaltools.gnu-tools-for-stm32.9-2020-q2-update.win32_1.5.0.202011040924/tools/bin/../lib/gcc/arm-none-eabi/9.3.1/../../../../arm-none-eabi/lib/thumb/v6-m/nofp\libc_nano.a(lib_a-errno.o)
                0x0000000008009530                __errno
 .text.__libc_init_array
                0x000000000800953c       0x48 c:/st/stm32cubeide_1.6.1/stm32cubeide/plugins/com.st.stm32cube.ide.mcu.externaltools.gnu-tools-for-stm32.9-2020-q2-update.win32_1.5.0.202011040924/tools/bin/../lib/gcc/arm-none-eabi/9.3.1/../../../../arm-none-eabi/lib/thumb/v6-m/nofp\libc_nano.a(lib_a-init.o)
                0x000000000800953c                __libc_init_array
 .text.memcpy   0x0000000008009584       0x12 c:/st/stm32cubeide_1.6.1/stm32cubeide/plugins/com.st.stm32cube.ide.mcu.externaltools.gnu-tools-for-stm32.9-2020-q2-update.win32_1.5.0.202011040924/tools/bin/../lib/gcc/arm-none-eabi/9.3.1/../../../../arm-none-eabi/lib/thumb/v6-m/nofp\libc_nano.a(lib_a-memcpy-stub.o)
                0x0000000008009584                memcpy
 .text.memset   0x0000000008009596       0x10 c:/st/stm32cubeide_1.6.1/stm32cubeide/plugins/com.st.stm32cube.ide.mcu.externaltools.gnu-tools-for-stm32.9-2020-q2-update.win32_1.5.0.202011040924/tools/bin/../lib/gcc/arm-none-eabi/9.3.1/../../../../arm-none-eabi/lib/thumb/v6-m/nofp\libc_nano.a(lib_a-memset.o)
                0x0000000008009596                memset
 *fill*         0x00000000080095a6        0x2 
 .text.printf   0x00000000080095a8       0x34 c:/st/stm32cubeide_1.6.1/stm32cubeide/plugins/com.st.stm32cube.ide.mcu.externaltools.gnu-tools-for-stm32.9-2020-q2-update.win32_1.5.0.202011040924/tools/bin/../lib/gcc/arm-none-eabi/9.3.1/../../../../arm-none-eabi/lib/thumb/v6-m/nofp\libc_nano.a(lib_a-printf.o)
                0x00000000080095a8                iprintf
                0x00000000080095a8                printf
 .text.putchar  0x00000000080095dc       0x28 c:/st/stm32cubeide_1.6.1/stm32cubeide/plugins/com.st.stm32cube.ide.mcu.externaltools.gnu-tools-for-stm32.9-2020-q2-update.win32_1.5.0.202011040924/tools/bin/../lib/gcc/arm-none-eabi/9.3.1/../../../../arm-none-eabi/lib/thumb/v6-m/nofp\libc_nano.a(lib_a-putchar.o)
                0x00000000080095dc                putchar
 .text._puts_r  0x0000000008009604       0xe4 c:/st/stm32cubeide_1.6.1/stm32cubeide/plugins/com.st.stm32cube.ide.mcu.externaltools.gnu-tools-for-stm32.9-2020-q2-update.win32_1.5.0.202011040924/tools/bin/../lib/gcc/arm-none-eabi/9.3.1/../../../../arm-none-eabi/lib/thumb/v6-m/nofp\libc_nano.a(lib_a-puts.o)
                0x0000000008009604                _puts_r
 .text.puts     0x00000000080096e8       0x14 c:/st/stm32cubeide_1.6.1/stm32cubeide/plugins/com.st.stm32cube.ide.mcu.externaltools.gnu-tools-for-stm32.9-2020-q2-update.win32_1.5.0.202011040924/tools/bin/../lib/gcc/arm-none-eabi/9.3.1/../../../../arm-none-eabi/lib/thumb/v6-m/nofp\libc_nano.a(lib_a-puts.o)
                0x00000000080096e8                puts
 .text.sprintf  0x00000000080096fc       0x40 c:/st/stm32cubeide_1.6.1/stm32cubeide/plugins/com.st.stm32cube.ide.mcu.externaltools.gnu-tools-for-stm32.9-2020-q2-update.win32_1.5.0.202011040924/tools/bin/../lib/gcc/arm-none-eabi/9.3.1/../../../../arm-none-eabi/lib/thumb/v6-m/nofp\libc_nano.a(lib_a-sprintf.o)
                0x00000000080096fc                siprintf
                0x00000000080096fc                sprintf
 .text.__swbuf_r
                0x000000000800973c       0xac c:/st/stm32cubeide_1.6.1/stm32cubeide/plugins/com.st.stm32cube.ide.mcu.externaltools.gnu-tools-for-stm32.9-2020-q2-update.win32_1.5.0.202011040924/tools/bin/../lib/gcc/arm-none-eabi/9.3.1/../../../../arm-none-eabi/lib/thumb/v6-m/nofp\libc_nano.a(lib_a-wbuf.o)
                0x000000000800973c                __swbuf_r
 .text.__swsetup_r
                0x00000000080097e8       0xf0 c:/st/stm32cubeide_1.6.1/stm32cubeide/plugins/com.st.stm32cube.ide.mcu.externaltools.gnu-tools-for-stm32.9-2020-q2-update.win32_1.5.0.202011040924/tools/bin/../lib/gcc/arm-none-eabi/9.3.1/../../../../arm-none-eabi/lib/thumb/v6-m/nofp\libc_nano.a(lib_a-wsetup.o)
                0x00000000080097e8                __swsetup_r
 .text.__sflush_r
                0x00000000080098d8      0x118 c:/st/stm32cubeide_1.6.1/stm32cubeide/plugins/com.st.stm32cube.ide.mcu.externaltools.gnu-tools-for-stm32.9-2020-q2-update.win32_1.5.0.202011040924/tools/bin/../lib/gcc/arm-none-eabi/9.3.1/../../../../arm-none-eabi/lib/thumb/v6-m/nofp\libc_nano.a(lib_a-fflush.o)
                0x00000000080098d8                __sflush_r
 .text._fflush_r
                0x00000000080099f0       0x80 c:/st/stm32cubeide_1.6.1/stm32cubeide/plugins/com.st.stm32cube.ide.mcu.externaltools.gnu-tools-for-stm32.9-2020-q2-update.win32_1.5.0.202011040924/tools/bin/../lib/gcc/arm-none-eabi/9.3.1/../../../../arm-none-eabi/lib/thumb/v6-m/nofp\libc_nano.a(lib_a-fflush.o)
                0x00000000080099f0                _fflush_r
 .text.std      0x0000000008009a70       0x48 c:/st/stm32cubeide_1.6.1/stm32cubeide/plugins/com.st.stm32cube.ide.mcu.externaltools.gnu-tools-for-stm32.9-2020-q2-update.win32_1.5.0.202011040924/tools/bin/../lib/gcc/arm-none-eabi/9.3.1/../../../../arm-none-eabi/lib/thumb/v6-m/nofp\libc_nano.a(lib_a-findfp.o)
 .text._cleanup_r
                0x0000000008009ab8       0x10 c:/st/stm32cubeide_1.6.1/stm32cubeide/plugins/com.st.stm32cube.ide.mcu.externaltools.gnu-tools-for-stm32.9-2020-q2-update.win32_1.5.0.202011040924/tools/bin/../lib/gcc/arm-none-eabi/9.3.1/../../../../arm-none-eabi/lib/thumb/v6-m/nofp\libc_nano.a(lib_a-findfp.o)
                0x0000000008009ab8                _cleanup_r
 .text.__sfmoreglue
                0x0000000008009ac8       0x2c c:/st/stm32cubeide_1.6.1/stm32cubeide/plugins/com.st.stm32cube.ide.mcu.externaltools.gnu-tools-for-stm32.9-2020-q2-update.win32_1.5.0.202011040924/tools/bin/../lib/gcc/arm-none-eabi/9.3.1/../../../../arm-none-eabi/lib/thumb/v6-m/nofp\libc_nano.a(lib_a-findfp.o)
                0x0000000008009ac8                __sfmoreglue
 .text.__sfp_lock_acquire
                0x0000000008009af4       0x10 c:/st/stm32cubeide_1.6.1/stm32cubeide/plugins/com.st.stm32cube.ide.mcu.externaltools.gnu-tools-for-stm32.9-2020-q2-update.win32_1.5.0.202011040924/tools/bin/../lib/gcc/arm-none-eabi/9.3.1/../../../../arm-none-eabi/lib/thumb/v6-m/nofp\libc_nano.a(lib_a-findfp.o)
                0x0000000008009af4                __sfp_lock_acquire
 .text.__sfp_lock_release
                0x0000000008009b04       0x10 c:/st/stm32cubeide_1.6.1/stm32cubeide/plugins/com.st.stm32cube.ide.mcu.externaltools.gnu-tools-for-stm32.9-2020-q2-update.win32_1.5.0.202011040924/tools/bin/../lib/gcc/arm-none-eabi/9.3.1/../../../../arm-none-eabi/lib/thumb/v6-m/nofp\libc_nano.a(lib_a-findfp.o)
                0x0000000008009b04                __sfp_lock_release
 .text.__sinit_lock_acquire
                0x0000000008009b14       0x10 c:/st/stm32cubeide_1.6.1/stm32cubeide/plugins/com.st.stm32cube.ide.mcu.externaltools.gnu-tools-for-stm32.9-2020-q2-update.win32_1.5.0.202011040924/tools/bin/../lib/gcc/arm-none-eabi/9.3.1/../../../../arm-none-eabi/lib/thumb/v6-m/nofp\libc_nano.a(lib_a-findfp.o)
                0x0000000008009b14                __sinit_lock_acquire
 .text.__sinit_lock_release
                0x0000000008009b24       0x10 c:/st/stm32cubeide_1.6.1/stm32cubeide/plugins/com.st.stm32cube.ide.mcu.externaltools.gnu-tools-for-stm32.9-2020-q2-update.win32_1.5.0.202011040924/tools/bin/../lib/gcc/arm-none-eabi/9.3.1/../../../../arm-none-eabi/lib/thumb/v6-m/nofp\libc_nano.a(lib_a-findfp.o)
                0x0000000008009b24                __sinit_lock_release
 .text.__sinit  0x0000000008009b34       0x70 c:/st/stm32cubeide_1.6.1/stm32cubeide/plugins/com.st.stm32cube.ide.mcu.externaltools.gnu-tools-for-stm32.9-2020-q2-update.win32_1.5.0.202011040924/tools/bin/../lib/gcc/arm-none-eabi/9.3.1/../../../../arm-none-eabi/lib/thumb/v6-m/nofp\libc_nano.a(lib_a-findfp.o)
                0x0000000008009b34                __sinit
 .text.__sfp    0x0000000008009ba4       0x90 c:/st/stm32cubeide_1.6.1/stm32cubeide/plugins/com.st.stm32cube.ide.mcu.externaltools.gnu-tools-for-stm32.9-2020-q2-update.win32_1.5.0.202011040924/tools/bin/../lib/gcc/arm-none-eabi/9.3.1/../../../../arm-none-eabi/lib/thumb/v6-m/nofp\libc_nano.a(lib_a-findfp.o)
                0x0000000008009ba4                __sfp
 .text._fwalk_reent
                0x0000000008009c34       0x40 c:/st/stm32cubeide_1.6.1/stm32cubeide/plugins/com.st.stm32cube.ide.mcu.externaltools.gnu-tools-for-stm32.9-2020-q2-update.win32_1.5.0.202011040924/tools/bin/../lib/gcc/arm-none-eabi/9.3.1/../../../../arm-none-eabi/lib/thumb/v6-m/nofp\libc_nano.a(lib_a-fwalk.o)
                0x0000000008009c34                _fwalk_reent
 .text.__retarget_lock_init_recursive
                0x0000000008009c74        0x2 c:/st/stm32cubeide_1.6.1/stm32cubeide/plugins/com.st.stm32cube.ide.mcu.externaltools.gnu-tools-for-stm32.9-2020-q2-update.win32_1.5.0.202011040924/tools/bin/../lib/gcc/arm-none-eabi/9.3.1/../../../../arm-none-eabi/lib/thumb/v6-m/nofp\libc_nano.a(lib_a-lock.o)
                0x0000000008009c74                __retarget_lock_init_recursive
 .text.__retarget_lock_acquire_recursive
                0x0000000008009c76        0x2 c:/st/stm32cubeide_1.6.1/stm32cubeide/plugins/com.st.stm32cube.ide.mcu.externaltools.gnu-tools-for-stm32.9-2020-q2-update.win32_1.5.0.202011040924/tools/bin/../lib/gcc/arm-none-eabi/9.3.1/../../../../arm-none-eabi/lib/thumb/v6-m/nofp\libc_nano.a(lib_a-lock.o)
                0x0000000008009c76                __retarget_lock_acquire_recursive
 .text.__retarget_lock_release_recursive
                0x0000000008009c78        0x2 c:/st/stm32cubeide_1.6.1/stm32cubeide/plugins/com.st.stm32cube.ide.mcu.externaltools.gnu-tools-for-stm32.9-2020-q2-update.win32_1.5.0.202011040924/tools/bin/../lib/gcc/arm-none-eabi/9.3.1/../../../../arm-none-eabi/lib/thumb/v6-m/nofp\libc_nano.a(lib_a-lock.o)
                0x0000000008009c78                __retarget_lock_release_recursive
 *fill*         0x0000000008009c7a        0x2 
 .text.__swhatbuf_r
                0x0000000008009c7c       0x50 c:/st/stm32cubeide_1.6.1/stm32cubeide/plugins/com.st.stm32cube.ide.mcu.externaltools.gnu-tools-for-stm32.9-2020-q2-update.win32_1.5.0.202011040924/tools/bin/../lib/gcc/arm-none-eabi/9.3.1/../../../../arm-none-eabi/lib/thumb/v6-m/nofp\libc_nano.a(lib_a-makebuf.o)
                0x0000000008009c7c                __swhatbuf_r
 .text.__smakebuf_r
                0x0000000008009ccc       0x88 c:/st/stm32cubeide_1.6.1/stm32cubeide/plugins/com.st.stm32cube.ide.mcu.externaltools.gnu-tools-for-stm32.9-2020-q2-update.win32_1.5.0.202011040924/tools/bin/../lib/gcc/arm-none-eabi/9.3.1/../../../../arm-none-eabi/lib/thumb/v6-m/nofp\libc_nano.a(lib_a-makebuf.o)
                0x0000000008009ccc                __smakebuf_r
 .text._free_r  0x0000000008009d54       0x94 c:/st/stm32cubeide_1.6.1/stm32cubeide/plugins/com.st.stm32cube.ide.mcu.externaltools.gnu-tools-for-stm32.9-2020-q2-update.win32_1.5.0.202011040924/tools/bin/../lib/gcc/arm-none-eabi/9.3.1/../../../../arm-none-eabi/lib/thumb/v6-m/nofp\libc_nano.a(lib_a-nano-freer.o)
                0x0000000008009d54                _free_r
 .text._malloc_r
                0x0000000008009de8       0xbc c:/st/stm32cubeide_1.6.1/stm32cubeide/plugins/com.st.stm32cube.ide.mcu.externaltools.gnu-tools-for-stm32.9-2020-q2-update.win32_1.5.0.202011040924/tools/bin/../lib/gcc/arm-none-eabi/9.3.1/../../../../arm-none-eabi/lib/thumb/v6-m/nofp\libc_nano.a(lib_a-nano-mallocr.o)
                0x0000000008009de8                _malloc_r
 .text.__ssputs_r
                0x0000000008009ea4       0xc4 c:/st/stm32cubeide_1.6.1/stm32cubeide/plugins/com.st.stm32cube.ide.mcu.externaltools.gnu-tools-for-stm32.9-2020-q2-update.win32_1.5.0.202011040924/tools/bin/../lib/gcc/arm-none-eabi/9.3.1/../../../../arm-none-eabi/lib/thumb/v6-m/nofp\libc_nano.a(lib_a-nano-svfprintf.o)
                0x0000000008009ea4                __ssputs_r
 .text._svfprintf_r
                0x0000000008009f68      0x200 c:/st/stm32cubeide_1.6.1/stm32cubeide/plugins/com.st.stm32cube.ide.mcu.externaltools.gnu-tools-for-stm32.9-2020-q2-update.win32_1.5.0.202011040924/tools/bin/../lib/gcc/arm-none-eabi/9.3.1/../../../../arm-none-eabi/lib/thumb/v6-m/nofp\libc_nano.a(lib_a-nano-svfprintf.o)
                0x0000000008009f68                _svfiprintf_r
                0x0000000008009f68                _svfprintf_r
 .text.__sfputc_r
                0x000000000800a168       0x2a c:/st/stm32cubeide_1.6.1/stm32cubeide/plugins/com.st.stm32cube.ide.mcu.externaltools.gnu-tools-for-stm32.9-2020-q2-update.win32_1.5.0.202011040924/tools/bin/../lib/gcc/arm-none-eabi/9.3.1/../../../../arm-none-eabi/lib/thumb/v6-m/nofp\libc_nano.a(lib_a-nano-vfprintf.o)
 .text.__sfputs_r
                0x000000000800a192       0x24 c:/st/stm32cubeide_1.6.1/stm32cubeide/plugins/com.st.stm32cube.ide.mcu.externaltools.gnu-tools-for-stm32.9-2020-q2-update.win32_1.5.0.202011040924/tools/bin/../lib/gcc/arm-none-eabi/9.3.1/../../../../arm-none-eabi/lib/thumb/v6-m/nofp\libc_nano.a(lib_a-nano-vfprintf.o)
                0x000000000800a192                __sfputs_r
 *fill*         0x000000000800a1b6        0x2 
 .text._vfprintf_r
                0x000000000800a1b8      0x274 c:/st/stm32cubeide_1.6.1/stm32cubeide/plugins/com.st.stm32cube.ide.mcu.externaltools.gnu-tools-for-stm32.9-2020-q2-update.win32_1.5.0.202011040924/tools/bin/../lib/gcc/arm-none-eabi/9.3.1/../../../../arm-none-eabi/lib/thumb/v6-m/nofp\libc_nano.a(lib_a-nano-vfprintf.o)
                0x000000000800a1b8                _vfprintf_r
                0x000000000800a1b8                _vfiprintf_r
 .text._printf_common
                0x000000000800a42c       0xde c:/st/stm32cubeide_1.6.1/stm32cubeide/plugins/com.st.stm32cube.ide.mcu.externaltools.gnu-tools-for-stm32.9-2020-q2-update.win32_1.5.0.202011040924/tools/bin/../lib/gcc/arm-none-eabi/9.3.1/../../../../arm-none-eabi/lib/thumb/v6-m/nofp\libc_nano.a(lib_a-nano-vfprintf_i.o)
                0x000000000800a42c                _printf_common
 *fill*         0x000000000800a50a        0x2 
 .text._printf_i
                0x000000000800a50c      0x224 c:/st/stm32cubeide_1.6.1/stm32cubeide/plugins/com.st.stm32cube.ide.mcu.externaltools.gnu-tools-for-stm32.9-2020-q2-update.win32_1.5.0.202011040924/tools/bin/../lib/gcc/arm-none-eabi/9.3.1/../../../../arm-none-eabi/lib/thumb/v6-m/nofp\libc_nano.a(lib_a-nano-vfprintf_i.o)
                0x000000000800a50c                _printf_i
 .text._putc_r  0x000000000800a730       0x94 c:/st/stm32cubeide_1.6.1/stm32cubeide/plugins/com.st.stm32cube.ide.mcu.externaltools.gnu-tools-for-stm32.9-2020-q2-update.win32_1.5.0.202011040924/tools/bin/../lib/gcc/arm-none-eabi/9.3.1/../../../../arm-none-eabi/lib/thumb/v6-m/nofp\libc_nano.a(lib_a-putc.o)
                0x000000000800a730                _putc_r
 .text._sbrk_r  0x000000000800a7c4       0x24 c:/st/stm32cubeide_1.6.1/stm32cubeide/plugins/com.st.stm32cube.ide.mcu.externaltools.gnu-tools-for-stm32.9-2020-q2-update.win32_1.5.0.202011040924/tools/bin/../lib/gcc/arm-none-eabi/9.3.1/../../../../arm-none-eabi/lib/thumb/v6-m/nofp\libc_nano.a(lib_a-sbrkr.o)
                0x000000000800a7c4                _sbrk_r
 .text.__sread  0x000000000800a7e8       0x28 c:/st/stm32cubeide_1.6.1/stm32cubeide/plugins/com.st.stm32cube.ide.mcu.externaltools.gnu-tools-for-stm32.9-2020-q2-update.win32_1.5.0.202011040924/tools/bin/../lib/gcc/arm-none-eabi/9.3.1/../../../../arm-none-eabi/lib/thumb/v6-m/nofp\libc_nano.a(lib_a-stdio.o)
                0x000000000800a7e8                __sread
 .text.__swrite
                0x000000000800a810       0x38 c:/st/stm32cubeide_1.6.1/stm32cubeide/plugins/com.st.stm32cube.ide.mcu.externaltools.gnu-tools-for-stm32.9-2020-q2-update.win32_1.5.0.202011040924/tools/bin/../lib/gcc/arm-none-eabi/9.3.1/../../../../arm-none-eabi/lib/thumb/v6-m/nofp\libc_nano.a(lib_a-stdio.o)
                0x000000000800a810                __swrite
 .text.__sseek  0x000000000800a848       0x2c c:/st/stm32cubeide_1.6.1/stm32cubeide/plugins/com.st.stm32cube.ide.mcu.externaltools.gnu-tools-for-stm32.9-2020-q2-update.win32_1.5.0.202011040924/tools/bin/../lib/gcc/arm-none-eabi/9.3.1/../../../../arm-none-eabi/lib/thumb/v6-m/nofp\libc_nano.a(lib_a-stdio.o)
                0x000000000800a848                __sseek
 .text.__sclose
                0x000000000800a874        0xc c:/st/stm32cubeide_1.6.1/stm32cubeide/plugins/com.st.stm32cube.ide.mcu.externaltools.gnu-tools-for-stm32.9-2020-q2-update.win32_1.5.0.202011040924/tools/bin/../lib/gcc/arm-none-eabi/9.3.1/../../../../arm-none-eabi/lib/thumb/v6-m/nofp\libc_nano.a(lib_a-stdio.o)
                0x000000000800a874                __sclose
 .text._write_r
                0x000000000800a880       0x28 c:/st/stm32cubeide_1.6.1/stm32cubeide/plugins/com.st.stm32cube.ide.mcu.externaltools.gnu-tools-for-stm32.9-2020-q2-update.win32_1.5.0.202011040924/tools/bin/../lib/gcc/arm-none-eabi/9.3.1/../../../../arm-none-eabi/lib/thumb/v6-m/nofp\libc_nano.a(lib_a-writer.o)
                0x000000000800a880                _write_r
 .text._close_r
                0x000000000800a8a8       0x24 c:/st/stm32cubeide_1.6.1/stm32cubeide/plugins/com.st.stm32cube.ide.mcu.externaltools.gnu-tools-for-stm32.9-2020-q2-update.win32_1.5.0.202011040924/tools/bin/../lib/gcc/arm-none-eabi/9.3.1/../../../../arm-none-eabi/lib/thumb/v6-m/nofp\libc_nano.a(lib_a-closer.o)
                0x000000000800a8a8                _close_r
 .text._fstat_r
                0x000000000800a8cc       0x24 c:/st/stm32cubeide_1.6.1/stm32cubeide/plugins/com.st.stm32cube.ide.mcu.externaltools.gnu-tools-for-stm32.9-2020-q2-update.win32_1.5.0.202011040924/tools/bin/../lib/gcc/arm-none-eabi/9.3.1/../../../../arm-none-eabi/lib/thumb/v6-m/nofp\libc_nano.a(lib_a-fstatr.o)
                0x000000000800a8cc                _fstat_r
 .text._isatty_r
                0x000000000800a8f0       0x24 c:/st/stm32cubeide_1.6.1/stm32cubeide/plugins/com.st.stm32cube.ide.mcu.externaltools.gnu-tools-for-stm32.9-2020-q2-update.win32_1.5.0.202011040924/tools/bin/../lib/gcc/arm-none-eabi/9.3.1/../../../../arm-none-eabi/lib/thumb/v6-m/nofp\libc_nano.a(lib_a-isattyr.o)
                0x000000000800a8f0                _isatty_r
 .text._lseek_r
                0x000000000800a914       0x28 c:/st/stm32cubeide_1.6.1/stm32cubeide/plugins/com.st.stm32cube.ide.mcu.externaltools.gnu-tools-for-stm32.9-2020-q2-update.win32_1.5.0.202011040924/tools/bin/../lib/gcc/arm-none-eabi/9.3.1/../../../../arm-none-eabi/lib/thumb/v6-m/nofp\libc_nano.a(lib_a-lseekr.o)
                0x000000000800a914                _lseek_r
 .text.memchr   0x000000000800a93c       0x16 c:/st/stm32cubeide_1.6.1/stm32cubeide/plugins/com.st.stm32cube.ide.mcu.externaltools.gnu-tools-for-stm32.9-2020-q2-update.win32_1.5.0.202011040924/tools/bin/../lib/gcc/arm-none-eabi/9.3.1/../../../../arm-none-eabi/lib/thumb/v6-m/nofp\libc_nano.a(lib_a-memchr-stub.o)
                0x000000000800a93c                memchr
 .text.memmove  0x000000000800a952       0x26 c:/st/stm32cubeide_1.6.1/stm32cubeide/plugins/com.st.stm32cube.ide.mcu.externaltools.gnu-tools-for-stm32.9-2020-q2-update.win32_1.5.0.202011040924/tools/bin/../lib/gcc/arm-none-eabi/9.3.1/../../../../arm-none-eabi/lib/thumb/v6-m/nofp\libc_nano.a(lib_a-memmove.o)
                0x000000000800a952                memmove
 .text.__malloc_lock
                0x000000000800a978       0x10 c:/st/stm32cubeide_1.6.1/stm32cubeide/plugins/com.st.stm32cube.ide.mcu.externaltools.gnu-tools-for-stm32.9-2020-q2-update.win32_1.5.0.202011040924/tools/bin/../lib/gcc/arm-none-eabi/9.3.1/../../../../arm-none-eabi/lib/thumb/v6-m/nofp\libc_nano.a(lib_a-mlock.o)
                0x000000000800a978                __malloc_lock
 .text.__malloc_unlock
                0x000000000800a988       0x10 c:/st/stm32cubeide_1.6.1/stm32cubeide/plugins/com.st.stm32cube.ide.mcu.externaltools.gnu-tools-for-stm32.9-2020-q2-update.win32_1.5.0.202011040924/tools/bin/../lib/gcc/arm-none-eabi/9.3.1/../../../../arm-none-eabi/lib/thumb/v6-m/nofp\libc_nano.a(lib_a-mlock.o)
                0x000000000800a988                __malloc_unlock
 .text._realloc_r
                0x000000000800a998       0x4c c:/st/stm32cubeide_1.6.1/stm32cubeide/plugins/com.st.stm32cube.ide.mcu.externaltools.gnu-tools-for-stm32.9-2020-q2-update.win32_1.5.0.202011040924/tools/bin/../lib/gcc/arm-none-eabi/9.3.1/../../../../arm-none-eabi/lib/thumb/v6-m/nofp\libc_nano.a(lib_a-nano-reallocr.o)
                0x000000000800a998                _realloc_r
 .text._read_r  0x000000000800a9e4       0x28 c:/st/stm32cubeide_1.6.1/stm32cubeide/plugins/com.st.stm32cube.ide.mcu.externaltools.gnu-tools-for-stm32.9-2020-q2-update.win32_1.5.0.202011040924/tools/bin/../lib/gcc/arm-none-eabi/9.3.1/../../../../arm-none-eabi/lib/thumb/v6-m/nofp\libc_nano.a(lib_a-readr.o)
                0x000000000800a9e4                _read_r
 .text._malloc_usable_size_r
                0x000000000800aa0c       0x10 c:/st/stm32cubeide_1.6.1/stm32cubeide/plugins/com.st.stm32cube.ide.mcu.externaltools.gnu-tools-for-stm32.9-2020-q2-update.win32_1.5.0.202011040924/tools/bin/../lib/gcc/arm-none-eabi/9.3.1/../../../../arm-none-eabi/lib/thumb/v6-m/nofp\libc_nano.a(lib_a-nano-msizer.o)
                0x000000000800aa0c                _malloc_usable_size_r
 *(.glue_7)
 .glue_7        0x000000000800aa1c        0x0 linker stubs
 *(.glue_7t)
 .glue_7t       0x000000000800aa1c        0x0 linker stubs
 *(.eh_frame)
 .eh_frame      0x000000000800aa1c        0x0 c:/st/stm32cubeide_1.6.1/stm32cubeide/plugins/com.st.stm32cube.ide.mcu.externaltools.gnu-tools-for-stm32.9-2020-q2-update.win32_1.5.0.202011040924/tools/bin/../lib/gcc/arm-none-eabi/9.3.1/thumb/v6-m/nofp/crtbegin.o
 *(.init)
 .init          0x000000000800aa1c        0x4 c:/st/stm32cubeide_1.6.1/stm32cubeide/plugins/com.st.stm32cube.ide.mcu.externaltools.gnu-tools-for-stm32.9-2020-q2-update.win32_1.5.0.202011040924/tools/bin/../lib/gcc/arm-none-eabi/9.3.1/thumb/v6-m/nofp/crti.o
                0x000000000800aa1c                _init
 .init          0x000000000800aa20        0x8 c:/st/stm32cubeide_1.6.1/stm32cubeide/plugins/com.st.stm32cube.ide.mcu.externaltools.gnu-tools-for-stm32.9-2020-q2-update.win32_1.5.0.202011040924/tools/bin/../lib/gcc/arm-none-eabi/9.3.1/thumb/v6-m/nofp/crtn.o
 *(.fini)
 .fini          0x000000000800aa28        0x4 c:/st/stm32cubeide_1.6.1/stm32cubeide/plugins/com.st.stm32cube.ide.mcu.externaltools.gnu-tools-for-stm32.9-2020-q2-update.win32_1.5.0.202011040924/tools/bin/../lib/gcc/arm-none-eabi/9.3.1/thumb/v6-m/nofp/crti.o
                0x000000000800aa28                _fini
 .fini          0x000000000800aa2c        0x8 c:/st/stm32cubeide_1.6.1/stm32cubeide/plugins/com.st.stm32cube.ide.mcu.externaltools.gnu-tools-for-stm32.9-2020-q2-update.win32_1.5.0.202011040924/tools/bin/../lib/gcc/arm-none-eabi/9.3.1/thumb/v6-m/nofp/crtn.o
                0x000000000800aa34                . = ALIGN (0x4)
                0x000000000800aa34                _etext = .

.vfp11_veneer   0x000000000800aa34        0x0
 .vfp11_veneer  0x000000000800aa34        0x0 linker stubs

.v4_bx          0x000000000800aa34        0x0
 .v4_bx         0x000000000800aa34        0x0 linker stubs

.iplt           0x000000000800aa34        0x0
 .iplt          0x000000000800aa34        0x0 c:/st/stm32cubeide_1.6.1/stm32cubeide/plugins/com.st.stm32cube.ide.mcu.externaltools.gnu-tools-for-stm32.9-2020-q2-update.win32_1.5.0.202011040924/tools/bin/../lib/gcc/arm-none-eabi/9.3.1/thumb/v6-m/nofp/crtbegin.o

.rodata         0x000000000800aa34      0xa64
                0x000000000800aa34                . = ALIGN (0x4)
 *(.rodata)
 .rodata        0x000000000800aa34       0xd0 Core/Src/ST_Sigfox_Init.o
 .rodata        0x000000000800ab04        0x5 ST_API/src/rf_api.o
 *fill*         0x000000000800ab09        0x3 
 .rodata        0x000000000800ab0c      0x100 ../ST_API/bin\ST_RETRIEVER_LIB_CM0+_GCC.a(retriever_api.o)
 .rodata        0x000000000800ac0c      0x100 ../ST_API/bin\ST_RETRIEVER_LIB_CM0+_GCC.a(retriever_api.o)
 .rodata        0x000000000800ad0c      0x100 ../ST_API/bin\ST_RETRIEVER_LIB_CM0+_GCC.a(retriever_api.o)
 .rodata        0x000000000800ae0c       0x40 c:/st/stm32cubeide_1.6.1/stm32cubeide/plugins/com.st.stm32cube.ide.mcu.externaltools.gnu-tools-for-stm32.9-2020-q2-update.win32_1.5.0.202011040924/tools/bin/../lib/gcc/arm-none-eabi/9.3.1/thumb/v6-m/nofp\libgcc.a(mulsf3.o)
 .rodata        0x000000000800ae4c       0x40 c:/st/stm32cubeide_1.6.1/stm32cubeide/plugins/com.st.stm32cube.ide.mcu.externaltools.gnu-tools-for-stm32.9-2020-q2-update.win32_1.5.0.202011040924/tools/bin/../lib/gcc/arm-none-eabi/9.3.1/thumb/v6-m/nofp\libgcc.a(muldf3.o)
 *(.rodata*)
 .rodata.MX_ADC_Init.str1.1
                0x000000000800ae8c       0x21 Core/Src/adc.o
 .rodata.lm35_read.str1.1
                0x000000000800aead       0x45 Core/Src/adc.o
 .rodata.HT_GPIO_UserButtonHandler.str1.1
                0x000000000800aef2       0x11 Core/Src/gpio.o
 .rodata.HT_API_setSmpsVoltageAction.str1.1
                0x000000000800af03       0x15 Core/Src/main.o
 .rodata.HT_API_switchPa.str1.1
                0x000000000800af18        0xf Core/Src/main.o
 .rodata.HT_API_ConfigRegion.str1.1
                0x000000000800af27       0x14 Core/Src/main.o
 .rodata.HT_API_SendFrame.str1.1
                0x000000000800af3b       0x17 Core/Src/main.o
 .rodata.mcuConfig.str1.1
                0x000000000800af52       0x50 Core/Src/main.o
 .rodata.main.str1.1
                0x000000000800afa2        0xc Core/Src/main.o
                                         0x24 (size before relaxing)
 .rodata.AHBPrescTable
                0x000000000800afae       0x10 Core/Src/system_stm32l0xx.o
                0x000000000800afae                AHBPrescTable
 .rodata.APBPrescTable
                0x000000000800afbe        0x8 Core/Src/system_stm32l0xx.o
                0x000000000800afbe                APBPrescTable
 .rodata.PLLMulTable
                0x000000000800afc6        0x9 Core/Src/system_stm32l0xx.o
                0x000000000800afc6                PLLMulTable
 .rodata.FEM_Init.str1.1