rf_api.c:347:13:priv_ST_MANUF_WriteRegisters	32	static
rf_api.c:454:13:priv_ST_MANUF_tx_rf_dbpsk_init	56	static
rf_api.c:363:13:priv_ST_MANUF_ReadRegisters	280	static
rf_api.c:336:13:priv_ST_MANUF_CmdStrobe	16	static
rf_api.c:312:13:priv_ST_MANUF_SpiRaw_Ramp.constprop	128	static
rf_api.c:608:13:priv_ST_MANUF_tx_rf_dbpsk_single_bit	8	static
rf_api.c:767:13:priv_ST_MANUF_rf_load_first_ramp_up	16	static
rf_api.c:590:6:pn9_next	0	static
rf_api.c:598:10:pn9_next_byte	16	static
rf_api.c:1027:13:ST_RF_API_custom_setting	0	static
rf_api.c:1047:8:RF_API_init	72	static
rf_api.c:1357:8:RF_API_change_frequency	64	static
rf_api.c:1678:8:RF_API_get_version	0	static
rf_api.c:1688:6:ST_RF_API_Timer_CB	0	static
rf_api.c:1695:6:ST_RF_API_Timer_Channel_Clear_CB	0	static
rf_api.c:1730:8:ST_RF_API_set_rssi_offset	0	static
rf_api.c:1737:8:ST_RF_API_get_rssi_offset	0	static
rf_api.c:1745:8:ST_RF_API_set_xtal_freq	0	static
rf_api.c:1752:8:ST_RF_API_get_xtal_freq	0	static
rf_api.c:1760:8:ST_RF_API_set_freq_offset	0	static
rf_api.c:1767:8:ST_RF_API_get_freq_offset	0	static
rf_api.c:1775:8:ST_RF_API_set_lbt_thr_offset	0	static
rf_api.c:1782:8:ST_RF_API_get_lbt_thr_offset	0	static
rf_api.c:1789:8:ST_RF_API_gpio_irq_pin	0	static
rf_api.c:1799:8:ST_RF_API_gpio_tx_rx_pin	0	static
rf_api.c:1809:8:ST_RF_API_gpio_rx_pin	0	static
rf_api.c:1819:8:ST_RF_API_gpio_tx_pin	0	static
rf_api.c:1829:8:ST_RF_API_reduce_output_power	0	static
rf_api.c:1839:8:ST_RF_API_set_tcxo	0	static
rf_api.c:1846:8:ST_RF_API_set_pa	0	static
rf_api.c:1853:8:ST_RF_API_get_ramp_duration	0	static
rf_api.c:1858:8:ST_RF_API_smps	0	static
rf_api.c:1865:8:ST_RF_API_Get_Continuous_TX_or_MONARCH_Scan_Flag	0	static
rf_api.c:1870:8:ST_RF_API_StartTx	8	static
rf_api.c:1233:8:RF_API_send	24	static
rf_api.c:1258:8:RF_API_start_continuous_transmission	32	static
rf_api.c:1883:8:ST_RF_API_StartRx	8	static
rf_api.c:1892:8:ST_RF_API_StopRxTx	8	static
rf_api.c:1193:8:RF_API_stop	8	static
rf_api.c:1334:8:RF_API_stop_continuous_transmission	8	static
rf_api.c:1437:8:RF_API_wait_frame	48	static
rf_api.c:1556:8:RF_API_wait_for_clear_channel	40	static
rf_api.c:1701:6:ST_RF_API_S2LP_IRQ_CB	8	static
rf_api.c:1903:9:ST_RF_API_GetRSSI	16	static
rf_api.c:1914:6:ST_RF_API_ReadFifo	8	static
rf_api.c:1924:8:ST_RF_API_ReadFifoStatus	16	static
rf_api.c:1933:6:ST_RF_API_SetFifoLength	16	static
rf_api.c:1944:15:MONARCH_API_malloc	0	static
rf_api.c:1946:15:MONARCH_API_free	0	static
rf_api.c:1948:15:MONARCH_API_timer_start	0	static
rf_api.c:1950:15:MONARCH_API_timer_stop	0	static
rf_api.c:1952:15:MONARCH_API_configure_search_pattern	0	static
rf_api.c:1957:15:MONARCH_API_stop_search_pattern	0	static
rf_api.c:1959:15:MONARCH_API_get_version	0	static
