stm32l0xx_it.c:82:6:NMI_Handler	0	static
stm32l0xx_it.c:95:6:HardFault_Handler	0	static
stm32l0xx_it.c:110:6:SVC_Handler	0	static
stm32l0xx_it.c:123:6:PendSV_Handler	0	static
stm32l0xx_it.c:136:6:SysTick_Handler	8	static
stm32l0xx_it.c:157:6:RTC_IRQHandler	8	static
stm32l0xx_it.c:207:6:EXTI2_3_IRQHandler	8	static
stm32l0xx_it.c:221:6:EXTI4_15_IRQHandler	8	static
stm32l0xx_it.c:235:6:DMA1_Channel2_3_IRQHandler	8	static
stm32l0xx_it.c:250:6:DMA1_Channel4_5_6_7_IRQHandler	8	static
stm32l0xx_it.c:265:6:TIM21_IRQHandler	8	static
